Archive member included to satisfy reference by file (symbol)

/home/arsalan-cran-2023/gcc-arm-none-eabi-9-2020-q2-update/bin/../lib/gcc/arm-none-eabi/9.3.1/thumb/v7-m/nofp/libgcc.a(_aeabi_ldivmod.o)
                              build/openmote/openmote-b/obj/spi-legacy.o (__aeabi_ldivmod)
/home/arsalan-cran-2023/gcc-arm-none-eabi-9-2020-q2-update/bin/../lib/gcc/arm-none-eabi/9.3.1/thumb/v7-m/nofp/libgcc.a(_aeabi_uldivmod.o)
                              build/openmote/openmote-b/obj/spi-legacy.o (__aeabi_uldivmod)
/home/arsalan-cran-2023/gcc-arm-none-eabi-9-2020-q2-update/bin/../lib/gcc/arm-none-eabi/9.3.1/thumb/v7-m/nofp/libgcc.a(_udivmoddi4.o)
                              /home/arsalan-cran-2023/gcc-arm-none-eabi-9-2020-q2-update/bin/../lib/gcc/arm-none-eabi/9.3.1/thumb/v7-m/nofp/libgcc.a(_aeabi_ldivmod.o) (__udivmoddi4)
/home/arsalan-cran-2023/gcc-arm-none-eabi-9-2020-q2-update/bin/../lib/gcc/arm-none-eabi/9.3.1/thumb/v7-m/nofp/libgcc.a(_dvmd_tls.o)
                              /home/arsalan-cran-2023/gcc-arm-none-eabi-9-2020-q2-update/bin/../lib/gcc/arm-none-eabi/9.3.1/thumb/v7-m/nofp/libgcc.a(_aeabi_ldivmod.o) (__aeabi_ldiv0)
/home/arsalan-cran-2023/gcc-arm-none-eabi-9-2020-q2-update/bin/../lib/gcc/arm-none-eabi/9.3.1/../../../../arm-none-eabi/lib/thumb/v7-m/nofp/libc.a(lib_a-atoi.o)
                              mqtt-client.o (atoi)
/home/arsalan-cran-2023/gcc-arm-none-eabi-9-2020-q2-update/bin/../lib/gcc/arm-none-eabi/9.3.1/../../../../arm-none-eabi/lib/thumb/v7-m/nofp/libc.a(lib_a-malloc.o)
                              mqtt-client.o (malloc)
/home/arsalan-cran-2023/gcc-arm-none-eabi-9-2020-q2-update/bin/../lib/gcc/arm-none-eabi/9.3.1/../../../../arm-none-eabi/lib/thumb/v7-m/nofp/libc.a(lib_a-mallocr.o)
                              /home/arsalan-cran-2023/gcc-arm-none-eabi-9-2020-q2-update/bin/../lib/gcc/arm-none-eabi/9.3.1/../../../../arm-none-eabi/lib/thumb/v7-m/nofp/libc.a(lib_a-malloc.o) (_malloc_r)
/home/arsalan-cran-2023/gcc-arm-none-eabi-9-2020-q2-update/bin/../lib/gcc/arm-none-eabi/9.3.1/../../../../arm-none-eabi/lib/thumb/v7-m/nofp/libc.a(lib_a-memcmp.o)
                              build/openmote/openmote-b/obj/linkaddr.o (memcmp)
/home/arsalan-cran-2023/gcc-arm-none-eabi-9-2020-q2-update/bin/../lib/gcc/arm-none-eabi/9.3.1/../../../../arm-none-eabi/lib/thumb/v7-m/nofp/libc.a(lib_a-memcpy.o)
                              build/openmote/openmote-b/obj/ecc-algorithm.o (memcpy)
/home/arsalan-cran-2023/gcc-arm-none-eabi-9-2020-q2-update/bin/../lib/gcc/arm-none-eabi/9.3.1/../../../../arm-none-eabi/lib/thumb/v7-m/nofp/libc.a(lib_a-memmove.o)
                              build/openmote/openmote-b/obj/tsch-packet.o (memmove)
/home/arsalan-cran-2023/gcc-arm-none-eabi-9-2020-q2-update/bin/../lib/gcc/arm-none-eabi/9.3.1/../../../../arm-none-eabi/lib/thumb/v7-m/nofp/libc.a(lib_a-memset.o)
                              build/openmote/openmote-b/obj/udma.o (memset)
/home/arsalan-cran-2023/gcc-arm-none-eabi-9-2020-q2-update/bin/../lib/gcc/arm-none-eabi/9.3.1/../../../../arm-none-eabi/lib/thumb/v7-m/nofp/libc.a(lib_a-mlock.o)
                              /home/arsalan-cran-2023/gcc-arm-none-eabi-9-2020-q2-update/bin/../lib/gcc/arm-none-eabi/9.3.1/../../../../arm-none-eabi/lib/thumb/v7-m/nofp/libc.a(lib_a-mallocr.o) (__malloc_lock)
/home/arsalan-cran-2023/gcc-arm-none-eabi-9-2020-q2-update/bin/../lib/gcc/arm-none-eabi/9.3.1/../../../../arm-none-eabi/lib/thumb/v7-m/nofp/libc.a(lib_a-reent.o)
                              build/openmote/openmote-b/obj/syscalls.o (errno)
/home/arsalan-cran-2023/gcc-arm-none-eabi-9-2020-q2-update/bin/../lib/gcc/arm-none-eabi/9.3.1/../../../../arm-none-eabi/lib/thumb/v7-m/nofp/libc.a(lib_a-sbrkr.o)
                              /home/arsalan-cran-2023/gcc-arm-none-eabi-9-2020-q2-update/bin/../lib/gcc/arm-none-eabi/9.3.1/../../../../arm-none-eabi/lib/thumb/v7-m/nofp/libc.a(lib_a-mallocr.o) (_sbrk_r)
/home/arsalan-cran-2023/gcc-arm-none-eabi-9-2020-q2-update/bin/../lib/gcc/arm-none-eabi/9.3.1/../../../../arm-none-eabi/lib/thumb/v7-m/nofp/libc.a(lib_a-strchr.o)
                              build/openmote/openmote-b/obj/shell.o (strchr)
/home/arsalan-cran-2023/gcc-arm-none-eabi-9-2020-q2-update/bin/../lib/gcc/arm-none-eabi/9.3.1/../../../../arm-none-eabi/lib/thumb/v7-m/nofp/libc.a(lib_a-strcmp.o)
                              build/openmote/openmote-b/obj/cfs-coffee.o (strcmp)
/home/arsalan-cran-2023/gcc-arm-none-eabi-9-2020-q2-update/bin/../lib/gcc/arm-none-eabi/9.3.1/../../../../arm-none-eabi/lib/thumb/v7-m/nofp/libc.a(lib_a-strlen-stub.o)
                              build/openmote/openmote-b/obj/mqtt.o (strlen)
/home/arsalan-cran-2023/gcc-arm-none-eabi-9-2020-q2-update/bin/../lib/gcc/arm-none-eabi/9.3.1/../../../../arm-none-eabi/lib/thumb/v7-m/nofp/libc.a(lib_a-strncmp.o)
                              build/openmote/openmote-b/obj/sensors.o (strncmp)
[...]
Memory Configuration

Name             Origin             Length             Attributes
FLASH_FW         0x0000000000202000 0x000000000007dfd4 xr
FLASH_CCA        0x000000000027ffd4 0x000000000000002c xr
NRSRAM           0x0000000020000000 0x0000000000000000 xrw
FRSRAM           0x0000000020000000 0x0000000000008000 xrw
*default*        0x0000000000000000 0xffffffffffffffff

Linker script and memory map

LOAD build/openmote/openmote-b/obj/startup-gcc.o
LOAD build/openmote/openmote-b/obj/platform.o
LOAD build/openmote/openmote-b/obj/board.o
LOAD build/openmote/openmote-b/obj/leds-arch.o
LOAD build/openmote/openmote-b/obj/board-buttons.o
LOAD build/openmote/openmote-b/obj/openmote-sensors.o
LOAD build/openmote/openmote-b/obj/antenna.o
LOAD build/openmote/openmote-b/obj/adxl346.o
LOAD build/openmote/openmote-b/obj/max44009.o
LOAD build/openmote/openmote-b/obj/sht21.o
LOAD build/openmote/openmote-b/obj/tps62730.o
LOAD build/openmote/openmote-b/obj/soc.o
LOAD build/openmote/openmote-b/obj/clock.o
LOAD build/openmote/openmote-b/obj/rtimer-arch.o
LOAD build/openmote/openmote-b/obj/uart.o
LOAD build/openmote/openmote-b/obj/watchdog.o
LOAD build/openmote/openmote-b/obj/nvic.o
LOAD build/openmote/openmote-b/obj/sys-ctrl.o
LOAD build/openmote/openmote-b/obj/gpio.o
LOAD build/openmote/openmote-b/obj/ioc.o
LOAD build/openmote/openmote-b/obj/spi-legacy.o
LOAD build/openmote/openmote-b/obj/adc.o
LOAD build/openmote/openmote-b/obj/spi-arch.o
LOAD build/openmote/openmote-b/obj/crypto.o
LOAD build/openmote/openmote-b/obj/aes.o
LOAD build/openmote/openmote-b/obj/ecb.o
LOAD build/openmote/openmote-b/obj/cbc.o
LOAD build/openmote/openmote-b/obj/ctr.o
LOAD build/openmote/openmote-b/obj/cbc-mac.o
LOAD build/openmote/openmote-b/obj/gcm.o
LOAD build/openmote/openmote-b/obj/ccm.o
LOAD build/openmote/openmote-b/obj/sha256.o
LOAD build/openmote/openmote-b/obj/gpio-hal-arch.o
LOAD build/openmote/openmote-b/obj/cc2538-aes-128.o
LOAD build/openmote/openmote-b/obj/cc2538-ccm-star.o
LOAD build/openmote/openmote-b/obj/cc2538-rf.o
LOAD build/openmote/openmote-b/obj/udma.o
LOAD build/openmote/openmote-b/obj/lpm.o
LOAD build/openmote/openmote-b/obj/int-master.o
LOAD build/openmote/openmote-b/obj/pka.o
LOAD build/openmote/openmote-b/obj/bignum-driver.o
LOAD build/openmote/openmote-b/obj/ecc-driver.o
LOAD build/openmote/openmote-b/obj/ecc-algorithm.o
LOAD build/openmote/openmote-b/obj/ecc-curve.o
LOAD build/openmote/openmote-b/obj/dbg.o
LOAD build/openmote/openmote-b/obj/ieee-addr.o
LOAD build/openmote/openmote-b/obj/slip-arch.o
LOAD build/openmote/openmote-b/obj/slip.o
LOAD build/openmote/openmote-b/obj/i2c.o
LOAD build/openmote/openmote-b/obj/cc2538-temp-sensor.o
LOAD build/openmote/openmote-b/obj/vdd3-sensor.o
LOAD build/openmote/openmote-b/obj/cfs-coffee.o
LOAD build/openmote/openmote-b/obj/cfs-coffee-arch.o
LOAD build/openmote/openmote-b/obj/pwm.o
LOAD build/openmote/openmote-b/obj/usb-core.o
LOAD build/openmote/openmote-b/obj/cdc-acm.o
LOAD build/openmote/openmote-b/obj/usb-arch.o
LOAD build/openmote/openmote-b/obj/usb-serial.o
LOAD build/openmote/openmote-b/obj/cdc-acm-descriptors.o
LOAD build/openmote/openmote-b/obj/mqtt-client-extensions.o
LOAD build/openmote/openmote-b/obj/builtin-sensors.o
LOAD build/openmote/openmote-b/obj/shell.o
LOAD build/openmote/openmote-b/obj/shell-commands.o
LOAD build/openmote/openmote-b/obj/serial-shell.o
LOAD build/openmote/openmote-b/obj/mqtt.o
LOAD build/openmote/openmote-b/obj/mqtt-prop.o
LOAD build/openmote/openmote-b/obj/contiki-main.o
LOAD build/openmote/openmote-b/obj/autostart.o
LOAD build/openmote/openmote-b/obj/ctimer.o
LOAD build/openmote/openmote-b/obj/energest.o
LOAD build/openmote/openmote-b/obj/etimer.o
LOAD build/openmote/openmote-b/obj/log.o
LOAD build/openmote/openmote-b/obj/mutex.o
LOAD build/openmote/openmote-b/obj/stimer.o
LOAD build/openmote/openmote-b/obj/compower.o
LOAD build/openmote/openmote-b/obj/atomic.o
LOAD build/openmote/openmote-b/obj/rtimer.o
LOAD build/openmote/openmote-b/obj/node-id.o
LOAD build/openmote/openmote-b/obj/process.o
LOAD build/openmote/openmote-b/obj/timer.o
LOAD build/openmote/openmote-b/obj/stack-check.o
LOAD build/openmote/openmote-b/obj/dbl-circ-list.o
LOAD build/openmote/openmote-b/obj/crc16.o
LOAD build/openmote/openmote-b/obj/ifft.o
LOAD build/openmote/openmote-b/obj/ringbuf.o
LOAD build/openmote/openmote-b/obj/ccm-star.o
LOAD build/openmote/openmote-b/obj/dbl-list.o
LOAD build/openmote/openmote-b/obj/ringbufindex.o
LOAD build/openmote/openmote-b/obj/sensors.o
LOAD build/openmote/openmote-b/obj/list.o
LOAD build/openmote/openmote-b/obj/circular-list.o
LOAD build/openmote/openmote-b/obj/aes-128.o
LOAD build/openmote/openmote-b/obj/trickle-timer.o
LOAD build/openmote/openmote-b/obj/memb.o
LOAD build/openmote/openmote-b/obj/heapmem.o
LOAD build/openmote/openmote-b/obj/random.o
LOAD build/openmote/openmote-b/obj/hexconv.o
LOAD build/openmote/openmote-b/obj/assert.o
LOAD build/openmote/openmote-b/obj/button-hal.o
LOAD build/openmote/openmote-b/obj/serial-line.o
LOAD build/openmote/openmote-b/obj/spi.o
LOAD build/openmote/openmote-b/obj/leds.o
LOAD build/openmote/openmote-b/obj/nullradio.o
LOAD build/openmote/openmote-b/obj/gpio-hal.o
LOAD build/openmote/openmote-b/obj/queuebuf.o
LOAD build/openmote/openmote-b/obj/nbr-table.o
LOAD build/openmote/openmote-b/obj/packetbuf.o
LOAD build/openmote/openmote-b/obj/netstack.o
LOAD build/openmote/openmote-b/obj/linkaddr.o
LOAD build/openmote/openmote-b/obj/net-debug.o
LOAD build/openmote/openmote-b/obj/link-stats.o
LOAD build/openmote/openmote-b/obj/mac-sequence.o
LOAD build/openmote/openmote-b/obj/mac.o
LOAD build/openmote/openmote-b/obj/frame802154e-ie.o
LOAD build/openmote/openmote-b/obj/framer-802154.o
LOAD build/openmote/openmote-b/obj/nullframer.o
LOAD build/openmote/openmote-b/obj/frame802154.o
LOAD build/openmote/openmote-b/obj/syscalls.o
LOAD build/openmote/openmote-b/obj/strformat.o
LOAD build/openmote/openmote-b/obj/printf.o
LOAD build/openmote/openmote-b/obj/sprintf.o
LOAD build/openmote/openmote-b/obj/snprintf.o
LOAD build/openmote/openmote-b/obj/puts.o
LOAD build/openmote/openmote-b/obj/putchar.o
LOAD build/openmote/openmote-b/obj/tsch-queue.o
LOAD build/openmote/openmote-b/obj/tsch-timeslot-timing.o
LOAD build/openmote/openmote-b/obj/tsch-schedule.o
LOAD build/openmote/openmote-b/obj/tsch-slot-operation.o
LOAD build/openmote/openmote-b/obj/tsch-roots.o
LOAD build/openmote/openmote-b/obj/tsch-security.o
LOAD build/openmote/openmote-b/obj/tsch-stats.o
LOAD build/openmote/openmote-b/obj/tsch-rpl.o
LOAD build/openmote/openmote-b/obj/tsch-adaptive-timesync.o
LOAD build/openmote/openmote-b/obj/tsch-packet.o
LOAD build/openmote/openmote-b/obj/tsch.o
LOAD build/openmote/openmote-b/obj/tsch-log.o
LOAD build/openmote/openmote-b/obj/uipbuf.o
LOAD build/openmote/openmote-b/obj/uip-icmp6.o
LOAD build/openmote/openmote-b/obj/uip-sr.o
LOAD build/openmote/openmote-b/obj/uip-ds6.o
LOAD build/openmote/openmote-b/obj/uip-packetqueue.o
LOAD build/openmote/openmote-b/obj/tcp-socket.o
LOAD build/openmote/openmote-b/obj/tcpip.o
LOAD build/openmote/openmote-b/obj/ip64-addr.o
LOAD build/openmote/openmote-b/obj/uip-udp-packet.o
LOAD build/openmote/openmote-b/obj/uip-ds6-route.o
LOAD build/openmote/openmote-b/obj/psock.o
LOAD build/openmote/openmote-b/obj/uip-ds6-nbr.o
LOAD build/openmote/openmote-b/obj/uip6.o
LOAD build/openmote/openmote-b/obj/uip-nameserver.o
LOAD build/openmote/openmote-b/obj/uip-nd6.o
LOAD build/openmote/openmote-b/obj/udp-socket.o
LOAD build/openmote/openmote-b/obj/simple-udp.o
LOAD build/openmote/openmote-b/obj/sicslowpan.o
LOAD build/openmote/openmote-b/obj/uiplib.o
LOAD build/openmote/openmote-b/obj/rpl-icmp6.o
LOAD build/openmote/openmote-b/obj/rpl-of0.o
LOAD build/openmote/openmote-b/obj/rpl-neighbor.o
LOAD build/openmote/openmote-b/obj/rpl-dag.o
LOAD build/openmote/openmote-b/obj/rpl-timers.o
LOAD build/openmote/openmote-b/obj/rpl-ext-header.o
LOAD build/openmote/openmote-b/obj/rpl.o
LOAD build/openmote/openmote-b/obj/rpl-nbr-policy.o
LOAD build/openmote/openmote-b/obj/rpl-mrhof.o
LOAD build/openmote/openmote-b/obj/rpl-dag-root.o
LOAD mqtt-client.o
START GROUP
LOAD /home/arsalan-cran-2023/gcc-arm-none-eabi-9-2020-q2-update/bin/../lib/gcc/arm-none-eabi/9.3.1/../../../../arm-none-eabi/lib/thumb/v7-m/nofp/libm.a
END GROUP
START GROUP
LOAD /home/arsalan-cran-2023/gcc-arm-none-eabi-9-2020-q2-update/bin/../lib/gcc/arm-none-eabi/9.3.1/thumb/v7-m/nofp/libgcc.a
LOAD /home/arsalan-cran-2023/gcc-arm-none-eabi-9-2020-q2-update/bin/../lib/gcc/arm-none-eabi/9.3.1/../../../../arm-none-eabi/lib/thumb/v7-m/nofp/libc.a
END GROUP

.text           0x0000000000202000    0x147eb
                0x0000000000202000                _text = .
 *(SORT_BY_ALIGNMENT(.vectors))
 .vectors       0x0000000000202000      0x28c build/openmote/openmote-b/obj/startup-gcc.o
                0x0000000000202000                vectors
 *(SORT_BY_ALIGNMENT(.text*))
 .text.reset_handler
                0x000000000020228c       0x40 build/openmote/openmote-b/obj/startup-gcc.o
                0x000000000020228c                reset_handler
 .text.platform_init_stage_two
                0x00000000002022cc       0x70 build/openmote/openmote-b/obj/platform.o
                0x00000000002022cc                platform_init_stage_two
 .text.platform_init_stage_three
                0x000000000020233c       0x8c build/openmote/openmote-b/obj/platform.o
                0x000000000020233c                platform_init_stage_three
 .text.antenna_external
                0x00000000002023c8       0x10 build/openmote/openmote-b/obj/antenna.o
                0x00000000002023c8                antenna_external
 .text.antenna_init
                0x00000000002023d8       0x1c build/openmote/openmote-b/obj/antenna.o
                0x00000000002023d8                antenna_init
 .text.soc_get_rev
                0x00000000002023f4       0x18 build/openmote/openmote-b/obj/soc.o
                0x00000000002023f4                soc_get_rev
 .text.soc_print_info
                0x000000000020240c       0x10 build/openmote/openmote-b/obj/soc.o
                0x000000000020240c                soc_print_info
 .text.update_ticks
                0x000000000020241c       0x54 build/openmote/openmote-b/obj/clock.o
 .text.clock_init
                0x0000000000202470       0x4c build/openmote/openmote-b/obj/clock.o
                0x0000000000202470                clock_init
 .text.clock_time
                0x00000000002024bc       0x14 build/openmote/openmote-b/obj/clock.o
                0x00000000002024bc                clock_time
 .text.clock_seconds
                0x00000000002024d0       0x14 build/openmote/openmote-b/obj/clock.o
                0x00000000002024d0                clock_seconds
 .text.clock_delay_usec
                0x00000000002024e4       0x1c build/openmote/openmote-b/obj/clock.o
                0x00000000002024e4                clock_delay_usec
 .text.clock_adjust
                0x0000000000202500       0x20 build/openmote/openmote-b/obj/clock.o
                0x0000000000202500                clock_adjust
 .text.rtimer_arch_next_trigger
                0x0000000000202520        0xc build/openmote/openmote-b/obj/rtimer-arch.o
                0x0000000000202520                rtimer_arch_next_trigger
 .text.rtimer_arch_now
                0x000000000020252c       0x24 build/openmote/openmote-b/obj/rtimer-arch.o
                0x000000000020252c                rtimer_arch_now
 .text.rtimer_arch_schedule
                0x0000000000202550       0x58 build/openmote/openmote-b/obj/rtimer-arch.o
                0x0000000000202550                rtimer_arch_schedule
 .text.rtimer_isr
                0x00000000002025a8       0x34 build/openmote/openmote-b/obj/rtimer-arch.o
                0x00000000002025a8                rtimer_isr
 .text.permit_pm1
                0x00000000002025dc       0x24 build/openmote/openmote-b/obj/uart.o
 .text.uart_isr
                0x0000000000202600       0x60 build/openmote/openmote-b/obj/uart.o
 .text.uart_init
                0x0000000000202660      0x198 build/openmote/openmote-b/obj/uart.o
                0x0000000000202660                uart_init
 .text.uart_set_input
                0x00000000002027f8       0x10 build/openmote/openmote-b/obj/uart.o
                0x00000000002027f8                uart_set_input
 .text.uart_write_byte
                0x0000000000202808       0x1c build/openmote/openmote-b/obj/uart.o
                0x0000000000202808                uart_write_byte
 .text.watchdog_init
                0x0000000000202824        0xc build/openmote/openmote-b/obj/watchdog.o
                0x0000000000202824                watchdog_init
 .text.watchdog_start
                0x0000000000202830        0xc build/openmote/openmote-b/obj/watchdog.o
                0x0000000000202830                watchdog_start
 .text.watchdog_periodic
                0x000000000020283c       0x10 build/openmote/openmote-b/obj/watchdog.o
                0x000000000020283c                watchdog_periodic
 .text.watchdog_reboot
                0x000000000020284c       0x10 build/openmote/openmote-b/obj/watchdog.o
                0x000000000020284c                watchdog_reboot
 .text.nvic_init
                0x000000000020285c       0x10 build/openmote/openmote-b/obj/nvic.o
                0x000000000020285c                nvic_init
 .text.sys_ctrl_init
                0x000000000020286c       0x74 build/openmote/openmote-b/obj/sys-ctrl.o
                0x000000000020286c                sys_ctrl_init
 .text.gpio_port_isr
                0x00000000002028e0       0x48 build/openmote/openmote-b/obj/gpio.o
 .text.ioc_init
                0x0000000000202928       0x1c build/openmote/openmote-b/obj/ioc.o
                0x0000000000202928                ioc_init
 .text.ioc_set_over
                0x0000000000202944       0x14 build/openmote/openmote-b/obj/ioc.o
                0x0000000000202944                ioc_set_over
 .text.ioc_set_sel
                0x0000000000202958       0x14 build/openmote/openmote-b/obj/ioc.o
                0x0000000000202958                ioc_set_sel
 .text.adc_get  0x000000000020296c       0x70 build/openmote/openmote-b/obj/adc.o
                0x000000000020296c                adc_get
 .text.permit_pm1
                0x00000000002029dc       0x10 build/openmote/openmote-b/obj/crypto.o
 .text.crypto_isr
                0x00000000002029ec       0x30 build/openmote/openmote-b/obj/crypto.o
                0x00000000002029ec                crypto_isr
 .text.crypto_enable
                0x0000000000202a1c       0x20 build/openmote/openmote-b/obj/crypto.o
                0x0000000000202a1c                crypto_enable
 .text.crypto_init
                0x0000000000202a3c       0x3c build/openmote/openmote-b/obj/crypto.o
                0x0000000000202a3c                crypto_init
 .text.crypto_disable
                0x0000000000202a78       0x20 build/openmote/openmote-b/obj/crypto.o
                0x0000000000202a78                crypto_disable
 .text.gpio_hal_arch_no_port_pin_cfg_set
                0x0000000000202a98       0xc8 build/openmote/openmote-b/obj/gpio-hal-arch.o
                0x0000000000202a98                gpio_hal_arch_no_port_pin_cfg_set
 .text.off      0x0000000000202b60       0x40 build/openmote/openmote-b/obj/cc2538-rf.o
 .text.receiving_packet
                0x0000000000202ba0       0x18 build/openmote/openmote-b/obj/cc2538-rf.o
 .text.pending_packet
                0x0000000000202bb8       0x10 build/openmote/openmote-b/obj/cc2538-rf.o
 .text.on       0x0000000000202bc8       0x28 build/openmote/openmote-b/obj/cc2538-rf.o
 .text.set_channel
                0x0000000000202bf0       0x38 build/openmote/openmote-b/obj/cc2538-rf.o
 .text.get_value
                0x0000000000202c28      0x17c build/openmote/openmote-b/obj/cc2538-rf.o
 .text.channel_clear
                0x0000000000202da4       0x3c build/openmote/openmote-b/obj/cc2538-rf.o
 .text.set_object
                0x0000000000202de0       0x30 build/openmote/openmote-b/obj/cc2538-rf.o
 .text.read     0x0000000000202e10       0xdc build/openmote/openmote-b/obj/cc2538-rf.o
 .text.prepare  0x0000000000202eec       0x68 build/openmote/openmote-b/obj/cc2538-rf.o
 .text.get_object
                0x0000000000202f54      0x144 build/openmote/openmote-b/obj/cc2538-rf.o
 .text.transmit
                0x0000000000203098       0xa4 build/openmote/openmote-b/obj/cc2538-rf.o
 .text.set_poll_mode
                0x000000000020313c       0xa0 build/openmote/openmote-b/obj/cc2538-rf.o
 .text.init     0x00000000002031dc       0xe8 build/openmote/openmote-b/obj/cc2538-rf.o
 .text.process_thread_cc2538_rf_process
                0x00000000002032c4       0x90 build/openmote/openmote-b/obj/cc2538-rf.o
 .text.set_value
                0x0000000000203354      0x18c build/openmote/openmote-b/obj/cc2538-rf.o
 .text.cc2538_rf_rx_tx_isr
                0x00000000002034e0       0x24 build/openmote/openmote-b/obj/cc2538-rf.o
                0x00000000002034e0                cc2538_rf_rx_tx_isr
 .text.cc2538_rf_err_isr
                0x0000000000203504       0x28 build/openmote/openmote-b/obj/cc2538-rf.o
                0x0000000000203504                cc2538_rf_err_isr
 .text.udma_init
                0x000000000020352c       0x34 build/openmote/openmote-b/obj/udma.o
                0x000000000020352c                udma_init
 .text.udma_set_channel_src
                0x0000000000203560       0x10 build/openmote/openmote-b/obj/udma.o
                0x0000000000203560                udma_set_channel_src
 .text.udma_set_channel_dst
                0x0000000000203570       0x14 build/openmote/openmote-b/obj/udma.o
                0x0000000000203570                udma_set_channel_dst
 .text.udma_set_channel_control_word
                0x0000000000203584       0x14 build/openmote/openmote-b/obj/udma.o
                0x0000000000203584                udma_set_channel_control_word
 .text.udma_channel_enable
                0x0000000000203598       0x18 build/openmote/openmote-b/obj/udma.o
                0x0000000000203598                udma_channel_enable
 .text.udma_channel_mask_set
                0x00000000002035b0       0x18 build/openmote/openmote-b/obj/udma.o
                0x00000000002035b0                udma_channel_mask_set
 .text.udma_channel_sw_request
                0x00000000002035c8       0x18 build/openmote/openmote-b/obj/udma.o
                0x00000000002035c8                udma_channel_sw_request
 .text.udma_channel_get_mode
                0x00000000002035e0       0x1c build/openmote/openmote-b/obj/udma.o
                0x00000000002035e0                udma_channel_get_mode
 .text.udma_isr
                0x00000000002035fc       0x10 build/openmote/openmote-b/obj/udma.o
                0x00000000002035fc                udma_isr
 .text.udma_err_isr
                0x000000000020360c        0xc build/openmote/openmote-b/obj/udma.o
                0x000000000020360c                udma_err_isr
 .text.select_32_mhz_xosc
                0x0000000000203618       0x2c build/openmote/openmote-b/obj/lpm.o
 .text.lpm_exit
                0x0000000000203644       0x34 build/openmote/openmote-b/obj/lpm.o
                0x0000000000203644                lpm_exit
 .text.lpm_enter
                0x0000000000203678       0xb4 build/openmote/openmote-b/obj/lpm.o
                0x0000000000203678                lpm_enter
 .text.lpm_register_peripheral
                0x000000000020372c       0x24 build/openmote/openmote-b/obj/lpm.o
                0x000000000020372c                lpm_register_peripheral
 .text.lpm_init
                0x0000000000203750       0x24 build/openmote/openmote-b/obj/lpm.o
                0x0000000000203750                lpm_init
 .text.pka_isr  0x0000000000203774       0x30 build/openmote/openmote-b/obj/pka.o
                0x0000000000203774                pka_isr
 .text.ieee_addr_cpy_to
                0x00000000002037a4       0x60 build/openmote/openmote-b/obj/ieee-addr.o
                0x00000000002037a4                ieee_addr_cpy_to
 .text.i2c_master_enable
                0x0000000000203804       0x10 build/openmote/openmote-b/obj/i2c.o
                0x0000000000203804                i2c_master_enable
 .text.i2c_set_frequency
                0x0000000000203814       0x1c build/openmote/openmote-b/obj/i2c.o
                0x0000000000203814                i2c_set_frequency
 .text.i2c_init
                0x0000000000203830       0xb8 build/openmote/openmote-b/obj/i2c.o
                0x0000000000203830                i2c_init
 .text.submit_setup
                0x00000000002038e8       0x24 build/openmote/openmote-b/obj/usb-core.o
 .text.notify_user
                0x000000000020390c       0x1c build/openmote/openmote-b/obj/usb-core.o
 .text.usb_set_global_event_process
                0x0000000000203928        0xc build/openmote/openmote-b/obj/usb-core.o
                0x0000000000203928                usb_set_global_event_process
 .text.usb_get_global_events
                0x0000000000203934       0x10 build/openmote/openmote-b/obj/usb-core.o
                0x0000000000203934                usb_get_global_events
 .text.usb_send_ctrl_response
                0x0000000000203944       0x3c build/openmote/openmote-b/obj/usb-core.o
                0x0000000000203944                usb_send_ctrl_response
 .text.usb_error_stall
                0x0000000000203980       0x10 build/openmote/openmote-b/obj/usb-core.o
                0x0000000000203980                usb_error_stall
 .text.usb_send_ctrl_status
                0x0000000000203990       0x24 build/openmote/openmote-b/obj/usb-core.o
                0x0000000000203990                usb_send_ctrl_status
 .text.handle_standard_requests
                0x00000000002039b4      0x164 build/openmote/openmote-b/obj/usb-core.o
 .text.process_thread_usb_process
                0x0000000000203b18      0x14c build/openmote/openmote-b/obj/usb-core.o
 .text.usb_get_ctrl_data
                0x0000000000203c64       0x44 build/openmote/openmote-b/obj/usb-core.o
                0x0000000000203c64                usb_get_ctrl_data
 .text.usb_register_request_handler
                0x0000000000203ca8       0x18 build/openmote/openmote-b/obj/usb-core.o
                0x0000000000203ca8                usb_register_request_handler
 .text.usb_setup
                0x0000000000203cc0       0x30 build/openmote/openmote-b/obj/usb-core.o
                0x0000000000203cc0                usb_setup
 .text.notify_user
                0x0000000000203cf0       0x1c build/openmote/openmote-b/obj/cdc-acm.o
 .text.handle_cdc_acm_requests
                0x0000000000203d0c       0x84 build/openmote/openmote-b/obj/cdc-acm.o
 .text.set_line_encoding
                0x0000000000203d90       0x2c build/openmote/openmote-b/obj/cdc-acm.o
 .text.usb_cdc_acm_setup
                0x0000000000203dbc        0xc build/openmote/openmote-b/obj/cdc-acm.o
                0x0000000000203dbc                usb_cdc_acm_setup
 .text.usb_cdc_acm_get_events
                0x0000000000203dc8       0x10 build/openmote/openmote-b/obj/cdc-acm.o
                0x0000000000203dc8                usb_cdc_acm_get_events
 .text.usb_cdc_acm_get_line_state
                0x0000000000203dd8        0xc build/openmote/openmote-b/obj/cdc-acm.o
                0x0000000000203dd8                usb_cdc_acm_get_line_state
 .text.usb_cdc_acm_set_event_process
                0x0000000000203de4        0xc build/openmote/openmote-b/obj/cdc-acm.o
                0x0000000000203de4                usb_cdc_acm_set_event_process
 .text.permit_pm1
                0x0000000000203df0       0x10 build/openmote/openmote-b/obj/usb-arch.o
 .text.notify_process
                0x0000000000203e00       0x1c build/openmote/openmote-b/obj/usb-arch.o
 .text.set_stall
                0x0000000000203e1c       0x58 build/openmote/openmote-b/obj/usb-arch.o
 .text.write_hw_buffer
                0x0000000000203e74       0x5c build/openmote/openmote-b/obj/usb-arch.o
 .text.ep0_tx   0x0000000000203ed0       0xc0 build/openmote/openmote-b/obj/usb-arch.o
 .text.disable_irq
                0x0000000000203f90       0x24 build/openmote/openmote-b/obj/usb-arch.o
 .text.restore_irq
                0x0000000000203fb4       0x10 build/openmote/openmote-b/obj/usb-arch.o
 .text.ep_setup
                0x0000000000203fc4       0xb0 build/openmote/openmote-b/obj/usb-arch.o
 .text.fill_buffers
                0x0000000000204074      0x108 build/openmote/openmote-b/obj/usb-arch.o
 .text.ep0_interrupt_handler
                0x000000000020417c      0x174 build/openmote/openmote-b/obj/usb-arch.o
 .text.out_ep_interrupt_handler
                0x00000000002042f0       0xb8 build/openmote/openmote-b/obj/usb-arch.o
 .text.usb_set_ep_event_process
                0x00000000002043a8       0x14 build/openmote/openmote-b/obj/usb-arch.o
                0x00000000002043a8                usb_set_ep_event_process
 .text.usb_arch_set_global_event_process
                0x00000000002043bc        0xc build/openmote/openmote-b/obj/usb-arch.o
                0x00000000002043bc                usb_arch_set_global_event_process
 .text.usb_arch_get_global_events
                0x00000000002043c8       0x20 build/openmote/openmote-b/obj/usb-arch.o
                0x00000000002043c8                usb_arch_get_global_events
 .text.usb_get_ep_events
                0x00000000002043e8       0x2c build/openmote/openmote-b/obj/usb-arch.o
                0x00000000002043e8                usb_get_ep_events
 .text.usb_submit_recv_buffer
                0x0000000000204414       0x98 build/openmote/openmote-b/obj/usb-arch.o
                0x0000000000204414                usb_submit_recv_buffer
 .text.usb_submit_xmit_buffer
                0x00000000002044ac      0x154 build/openmote/openmote-b/obj/usb-arch.o
                0x00000000002044ac                usb_submit_xmit_buffer
 .text.usb_arch_setup_control_endpoint
                0x0000000000204600       0x18 build/openmote/openmote-b/obj/usb-arch.o
                0x0000000000204600                usb_arch_setup_control_endpoint
 .text.reset    0x0000000000204618       0x40 build/openmote/openmote-b/obj/usb-arch.o
 .text.usb_arch_setup
                0x0000000000204658       0x60 build/openmote/openmote-b/obj/usb-arch.o
                0x0000000000204658                usb_arch_setup
 .text.usb_arch_setup_bulk_endpoint
                0x00000000002046b8       0x18 build/openmote/openmote-b/obj/usb-arch.o
                0x00000000002046b8                usb_arch_setup_bulk_endpoint
 .text.usb_arch_disable_endpoint
                0x00000000002046d0       0x90 build/openmote/openmote-b/obj/usb-arch.o
                0x00000000002046d0                usb_arch_disable_endpoint
 .text.usb_arch_discard_all_buffers
                0x0000000000204760       0x30 build/openmote/openmote-b/obj/usb-arch.o
                0x0000000000204760                usb_arch_discard_all_buffers
 .text.usb_arch_halt_endpoint
                0x0000000000204790       0x8c build/openmote/openmote-b/obj/usb-arch.o
                0x0000000000204790                usb_arch_halt_endpoint
 .text.usb_arch_get_ep_status
                0x000000000020481c       0x1c build/openmote/openmote-b/obj/usb-arch.o
                0x000000000020481c                usb_arch_get_ep_status
 .text.usb_arch_set_address
                0x0000000000204838        0xc build/openmote/openmote-b/obj/usb-arch.o
                0x0000000000204838                usb_arch_set_address
 .text.usb_arch_send_pending
                0x0000000000204844       0x2c build/openmote/openmote-b/obj/usb-arch.o
                0x0000000000204844                usb_arch_send_pending
 .text.usb_isr  0x0000000000204870       0xc0 build/openmote/openmote-b/obj/usb-arch.o
                0x0000000000204870                usb_isr
 .text.queue_rx_urb
                0x0000000000204930       0x20 build/openmote/openmote-b/obj/usb-serial.o
 .text.process_thread_usb_serial_process
                0x0000000000204950      0x134 build/openmote/openmote-b/obj/usb-serial.o
 .text.usb_class_get_string_descriptor
                0x0000000000204a84       0x14 build/openmote/openmote-b/obj/usb-serial.o
                0x0000000000204a84                usb_class_get_string_descriptor
 .text.usb_serial_set_input
                0x0000000000204a98        0xc build/openmote/openmote-b/obj/usb-serial.o
                0x0000000000204a98                usb_serial_set_input
 .text.usb_serial_init
                0x0000000000204aa4        0xc build/openmote/openmote-b/obj/usb-serial.o
                0x0000000000204aa4                usb_serial_init
 .text.shell_output_6addr
                0x0000000000204ab0       0x28 build/openmote/openmote-b/obj/shell.o
                0x0000000000204ab0                shell_output_6addr
 .text.shell_output_lladdr
                0x0000000000204ad8       0x60 build/openmote/openmote-b/obj/shell.o
                0x0000000000204ad8                shell_output_lladdr
 .text.shell_input
                0x0000000000204b38       0xc0 build/openmote/openmote-b/obj/shell.o
                0x0000000000204b38                shell_input
 .text.cmd_rpl_global_repair
                0x0000000000204bf8       0x38 build/openmote/openmote-b/obj/shell-commands.o
 .text.cmd_rpl_local_repair
                0x0000000000204c30       0x38 build/openmote/openmote-b/obj/shell-commands.o
 .text.cmd_help
                0x0000000000204c68       0x6c build/openmote/openmote-b/obj/shell-commands.o
 .text.cmd_macaddr
                0x0000000000204cd4       0x48 build/openmote/openmote-b/obj/shell-commands.o
 .text.cmd_tsch_status
                0x0000000000204d1c      0x14c build/openmote/openmote-b/obj/shell-commands.o
 .text.cmd_tsch_schedule
                0x0000000000204e68       0xd4 build/openmote/openmote-b/obj/shell-commands.o
 .text.cmd_tsch_set_coordinator
                0x0000000000204f3c      0x120 build/openmote/openmote-b/obj/shell-commands.o
 .text.cmd_rpl_nbr
                0x000000000020505c       0x90 build/openmote/openmote-b/obj/shell-commands.o
 .text.cmd_ipaddr
                0x00000000002050ec       0x80 build/openmote/openmote-b/obj/shell-commands.o
 .text.cmd_rpl_status
                0x000000000020516c      0x26c build/openmote/openmote-b/obj/shell-commands.o
 .text.cmd_rpl_refresh_routes
                0x00000000002053d8       0x34 build/openmote/openmote-b/obj/shell-commands.o
 .text.cmd_rpl_set_root
                0x000000000020540c      0x160 build/openmote/openmote-b/obj/shell-commands.o
 .text.cmd_routes
                0x000000000020556c       0xe8 build/openmote/openmote-b/obj/shell-commands.o
 .text.cmd_ping
                0x0000000000205654      0x154 build/openmote/openmote-b/obj/shell-commands.o
 .text.cmd_ip_neighbors
                0x00000000002057a8       0xe0 build/openmote/openmote-b/obj/shell-commands.o
 .text.shell_output_log_levels
                0x0000000000205888       0x58 build/openmote/openmote-b/obj/shell-commands.o
 .text.cmd_log  0x00000000002058e0       0xfc build/openmote/openmote-b/obj/shell-commands.o
 .text.cmd_reboot
                0x00000000002059dc       0x2c build/openmote/openmote-b/obj/shell-commands.o
 .text.echo_reply_handler
                0x0000000000205a08       0x2c build/openmote/openmote-b/obj/shell-commands.o
 .text.shell_commands_init
                0x0000000000205a34       0x30 build/openmote/openmote-b/obj/shell-commands.o
                0x0000000000205a34                shell_commands_init
 .text.shell_command_lookup
                0x0000000000205a64       0x34 build/openmote/openmote-b/obj/shell-commands.o
                0x0000000000205a64                shell_command_lookup
 .text.process_thread_serial_shell_process
                0x0000000000205a98       0x58 build/openmote/openmote-b/obj/serial-shell.o
 .text.serial_shell_output
                0x0000000000205af0        0xc build/openmote/openmote-b/obj/serial-shell.o
 .text.serial_shell_init
                0x0000000000205afc        0xc build/openmote/openmote-b/obj/serial-shell.o
                0x0000000000205afc                serial_shell_init
 .text.call_event
                0x0000000000205b08       0x1c build/openmote/openmote-b/obj/mqtt.o
 .text.keep_alive_callback
                0x0000000000205b24       0x44 build/openmote/openmote-b/obj/mqtt.o
 .text.connect_tcp
                0x0000000000205b68       0x68 build/openmote/openmote-b/obj/mqtt.o
 .text.tcp_event
                0x0000000000205bd0       0x94 build/openmote/openmote-b/obj/mqtt.o
 .text.tcp_input
                0x0000000000205c64      0x318 build/openmote/openmote-b/obj/mqtt.o
 .text.mqtt_init
                0x0000000000205f7c       0xb8 build/openmote/openmote-b/obj/mqtt.o
                0x0000000000205f7c                mqtt_init
 .text.mqtt_register
                0x0000000000206034       0x6c build/openmote/openmote-b/obj/mqtt.o
                0x0000000000206034                mqtt_register
 .text.mqtt_connect
                0x00000000002060a0       0x6c build/openmote/openmote-b/obj/mqtt.o
                0x00000000002060a0                mqtt_connect
 .text.mqtt_disconnect
                0x000000000020610c       0x24 build/openmote/openmote-b/obj/mqtt.o
                0x000000000020610c                mqtt_disconnect
 .text.process_thread_mqtt_process
                0x0000000000206130     0x11f8 build/openmote/openmote-b/obj/mqtt.o
 .text.mqtt_publish
                0x0000000000207328       0x84 build/openmote/openmote-b/obj/mqtt.o
                0x0000000000207328                mqtt_publish
 .text.startup.main
                0x00000000002073ac      0x1ec build/openmote/openmote-b/obj/contiki-main.o
                0x00000000002073ac                main
 .text.process_thread_ctimer_process
                0x0000000000207598       0x7c build/openmote/openmote-b/obj/ctimer.o
 .text.ctimer_init
                0x0000000000207614       0x28 build/openmote/openmote-b/obj/ctimer.o
                0x0000000000207614                ctimer_init
 .text.ctimer_set_with_process
                0x000000000020763c       0x44 build/openmote/openmote-b/obj/ctimer.o
                0x000000000020763c                ctimer_set_with_process
 .text.ctimer_set
                0x0000000000207680       0x14 build/openmote/openmote-b/obj/ctimer.o
                0x0000000000207680                ctimer_set
 .text.ctimer_reset
                0x0000000000207694       0x38 build/openmote/openmote-b/obj/ctimer.o
                0x0000000000207694                ctimer_reset
 .text.ctimer_restart
                0x00000000002076cc       0x38 build/openmote/openmote-b/obj/ctimer.o
                0x00000000002076cc                ctimer_restart
 .text.ctimer_stop
                0x0000000000207704       0x2c build/openmote/openmote-b/obj/ctimer.o
                0x0000000000207704                ctimer_stop
 .text.ctimer_expired
                0x0000000000207730       0x34 build/openmote/openmote-b/obj/ctimer.o
                0x0000000000207730                ctimer_expired
 .text.update_time
                0x0000000000207764       0x40 build/openmote/openmote-b/obj/etimer.o
 .text.etimer_request_poll
                0x00000000002077a4        0xc build/openmote/openmote-b/obj/etimer.o
                0x00000000002077a4                etimer_request_poll
 .text.process_thread_etimer_process
                0x00000000002077b0       0xac build/openmote/openmote-b/obj/etimer.o
 .text.add_timer
                0x000000000020785c       0x40 build/openmote/openmote-b/obj/etimer.o
 .text.etimer_pending
                0x000000000020789c       0x10 build/openmote/openmote-b/obj/etimer.o
                0x000000000020789c                etimer_pending
 .text.etimer_stop
                0x00000000002078ac       0x34 build/openmote/openmote-b/obj/etimer.o
                0x00000000002078ac                etimer_stop
 .text.log_6addr
                0x00000000002078e0       0x20 build/openmote/openmote-b/obj/log.o
                0x00000000002078e0                log_6addr
 .text.log_lladdr
                0x0000000000207900       0x40 build/openmote/openmote-b/obj/log.o
                0x0000000000207900                log_lladdr
 .text.log_set_level
                0x0000000000207940       0x44 build/openmote/openmote-b/obj/log.o
                0x0000000000207940                log_set_level
 .text.log_get_level
                0x0000000000207984       0x3c build/openmote/openmote-b/obj/log.o
                0x0000000000207984                log_get_level
 .text.log_level_to_str
                0x00000000002079c0       0x18 build/openmote/openmote-b/obj/log.o
                0x00000000002079c0                log_level_to_str
 .text.rtimer_set
                0x00000000002079d8       0x24 build/openmote/openmote-b/obj/rtimer.o
                0x00000000002079d8                rtimer_set
 .text.rtimer_run_next
                0x00000000002079fc       0x28 build/openmote/openmote-b/obj/rtimer.o
                0x00000000002079fc                rtimer_run_next
 .text.node_id_init
                0x0000000000207a24       0x18 build/openmote/openmote-b/obj/node-id.o
                0x0000000000207a24                node_id_init
 .text.call_process.part.0
                0x0000000000207a3c       0x38 build/openmote/openmote-b/obj/process.o
 .text.exit_process
                0x0000000000207a74       0x80 build/openmote/openmote-b/obj/process.o
 .text.do_poll  0x0000000000207af4       0x30 build/openmote/openmote-b/obj/process.o
 .text.process_alloc_event
                0x0000000000207b24       0x10 build/openmote/openmote-b/obj/process.o
                0x0000000000207b24                process_alloc_event
 .text.process_init
                0x0000000000207b34       0x30 build/openmote/openmote-b/obj/process.o
                0x0000000000207b34                process_init
 .text.process_run
                0x0000000000207b64       0x84 build/openmote/openmote-b/obj/process.o
                0x0000000000207b64                process_run
 .text.process_nevents
                0x0000000000207be8       0x14 build/openmote/openmote-b/obj/process.o
                0x0000000000207be8                process_nevents
 .text.process_post
                0x0000000000207bfc       0x3c build/openmote/openmote-b/obj/process.o
                0x0000000000207bfc                process_post
 .text.process_post_synch
                0x0000000000207c38       0x14 build/openmote/openmote-b/obj/process.o
                0x0000000000207c38                process_post_synch
 .text.process_start
                0x0000000000207c4c       0x30 build/openmote/openmote-b/obj/process.o
                0x0000000000207c4c                process_start
 .text.process_poll
                0x0000000000207c7c       0x18 build/openmote/openmote-b/obj/process.o
                0x0000000000207c7c                process_poll
 .text.stack_check_init
                0x0000000000207c94       0x24 build/openmote/openmote-b/obj/stack-check.o
                0x0000000000207c94                stack_check_init
 .text.stack_check_get_usage
                0x0000000000207cb8       0x40 build/openmote/openmote-b/obj/stack-check.o
                0x0000000000207cb8                stack_check_get_usage
 .text.process_thread_stack_check_process
                0x0000000000207cf8       0xa8 build/openmote/openmote-b/obj/stack-check.o
 .text.process_thread_sensors_process
                0x0000000000207da0       0xd4 build/openmote/openmote-b/obj/sensors.o
 .text.random_rand
                0x0000000000207e74       0x24 build/openmote/openmote-b/obj/random.o
                0x0000000000207e74                random_rand
 .text.random_init
                0x0000000000207e98       0x78 build/openmote/openmote-b/obj/random.o
                0x0000000000207e98                random_init
 .text.duration_exceeded_callback
                0x0000000000207f10       0x34 build/openmote/openmote-b/obj/button-hal.o
 .text.process_thread_button_hal_process
                0x0000000000207f44       0x78 build/openmote/openmote-b/obj/button-hal.o
 .text.press_release_handler
                0x0000000000207fbc       0x18 build/openmote/openmote-b/obj/button-hal.o
 .text.debounce_handler
                0x0000000000207fd4       0x64 build/openmote/openmote-b/obj/button-hal.o
 .text.button_hal_init
                0x0000000000208038      0x104 build/openmote/openmote-b/obj/button-hal.o
                0x0000000000208038                button_hal_init
 .text.process_thread_serial_line_process
                0x000000000020813c       0x9c build/openmote/openmote-b/obj/serial-line.o
 .text.serial_line_input_byte
                0x00000000002081d8       0x48 build/openmote/openmote-b/obj/serial-line.o
                0x00000000002081d8                serial_line_input_byte
 .text.serial_line_init
                0x0000000000208220       0x24 build/openmote/openmote-b/obj/serial-line.o
                0x0000000000208220                serial_line_init
 .text.leds_on  0x0000000000208244       0x50 build/openmote/openmote-b/obj/leds.o
                0x0000000000208244                leds_on
 .text.leds_off
                0x0000000000208294       0x48 build/openmote/openmote-b/obj/leds.o
                0x0000000000208294                leds_off
 .text.leds_init
                0x00000000002082dc       0x48 build/openmote/openmote-b/obj/leds.o
                0x00000000002082dc                leds_init
 .text.gpio_hal_register_handler
                0x0000000000208324        0xc build/openmote/openmote-b/obj/gpio-hal.o
                0x0000000000208324                gpio_hal_register_handler
 .text.gpio_hal_event_handler
                0x0000000000208330       0x24 build/openmote/openmote-b/obj/gpio-hal.o
                0x0000000000208330                gpio_hal_event_handler
 .text.gpio_hal_init
                0x0000000000208354        0xc build/openmote/openmote-b/obj/gpio-hal.o
                0x0000000000208354                gpio_hal_init
 .text.queuebuf_init
                0x0000000000208360       0x1c build/openmote/openmote-b/obj/queuebuf.o
                0x0000000000208360                queuebuf_init
 .text.queuebuf_numfree
                0x000000000020837c        0xc build/openmote/openmote-b/obj/queuebuf.o
                0x000000000020837c                queuebuf_numfree
 .text.queuebuf_new_from_packetbuf
                0x0000000000208388       0x44 build/openmote/openmote-b/obj/queuebuf.o
                0x0000000000208388                queuebuf_new_from_packetbuf
 .text.queuebuf_free
                0x00000000002083cc       0x2c build/openmote/openmote-b/obj/queuebuf.o
                0x00000000002083cc                queuebuf_free
 .text.queuebuf_to_packetbuf
                0x00000000002083f8       0x30 build/openmote/openmote-b/obj/queuebuf.o
                0x00000000002083f8                queuebuf_to_packetbuf
 .text.queuebuf_dataptr
                0x0000000000208428       0x18 build/openmote/openmote-b/obj/queuebuf.o
                0x0000000000208428                queuebuf_dataptr
 .text.index_from_key
                0x0000000000208440       0x20 build/openmote/openmote-b/obj/nbr-table.o
 .text.index_from_lladdr
                0x0000000000208460       0x40 build/openmote/openmote-b/obj/nbr-table.o
 .text.nbr_get_bit.constprop.0
                0x00000000002084a0       0x24 build/openmote/openmote-b/obj/nbr-table.o
 .text.remove_key
                0x00000000002084c4       0x88 build/openmote/openmote-b/obj/nbr-table.o
 .text.nbr_table_is_registered
                0x000000000020854c       0x20 build/openmote/openmote-b/obj/nbr-table.o
                0x000000000020854c                nbr_table_is_registered
 .text.nbr_table_register
                0x000000000020856c       0x30 build/openmote/openmote-b/obj/nbr-table.o
                0x000000000020856c                nbr_table_register
 .text.nbr_table_next
                0x000000000020859c       0x48 build/openmote/openmote-b/obj/nbr-table.o
                0x000000000020859c                nbr_table_next
 .text.nbr_table_head
                0x00000000002085e4       0x38 build/openmote/openmote-b/obj/nbr-table.o
                0x00000000002085e4                nbr_table_head
 .text.entry_is_allowed.isra.0
                0x000000000020861c       0x70 build/openmote/openmote-b/obj/nbr-table.o
 .text.nbr_table_add_lladdr
                0x000000000020868c       0xb4 build/openmote/openmote-b/obj/nbr-table.o
                0x000000000020868c                nbr_table_add_lladdr
 .text.nbr_table_remove
                0x0000000000208740       0x2c build/openmote/openmote-b/obj/nbr-table.o
                0x0000000000208740                nbr_table_remove
 .text.nbr_table_lock
                0x000000000020876c       0x10 build/openmote/openmote-b/obj/nbr-table.o
                0x000000000020876c                nbr_table_lock
 .text.nbr_table_unlock
                0x000000000020877c       0x10 build/openmote/openmote-b/obj/nbr-table.o
                0x000000000020877c                nbr_table_unlock
 .text.nbr_table_get_lladdr
                0x000000000020878c       0x24 build/openmote/openmote-b/obj/nbr-table.o
                0x000000000020878c                nbr_table_get_lladdr
 .text.packetbuf_hdrreduce
                0x00000000002087b0       0x28 build/openmote/openmote-b/obj/packetbuf.o
                0x00000000002087b0                packetbuf_hdrreduce
 .text.packetbuf_set_datalen
                0x00000000002087d8        0xc build/openmote/openmote-b/obj/packetbuf.o
                0x00000000002087d8                packetbuf_set_datalen
 .text.packetbuf_hdrptr
                0x00000000002087e4        0x8 build/openmote/openmote-b/obj/packetbuf.o
                0x00000000002087e4                packetbuf_hdrptr
 .text.packetbuf_datalen
                0x00000000002087ec        0xc build/openmote/openmote-b/obj/packetbuf.o
                0x00000000002087ec                packetbuf_datalen
 .text.packetbuf_hdrlen
                0x00000000002087f8       0x18 build/openmote/openmote-b/obj/packetbuf.o
                0x00000000002087f8                packetbuf_hdrlen
 .text.packetbuf_dataptr
                0x0000000000208810       0x10 build/openmote/openmote-b/obj/packetbuf.o
                0x0000000000208810                packetbuf_dataptr
 .text.packetbuf_copyto
                0x0000000000208820       0x44 build/openmote/openmote-b/obj/packetbuf.o
                0x0000000000208820                packetbuf_copyto
 .text.packetbuf_totlen
                0x0000000000208864       0x14 build/openmote/openmote-b/obj/packetbuf.o
                0x0000000000208864                packetbuf_totlen
 .text.packetbuf_hdralloc
                0x0000000000208878       0x40 build/openmote/openmote-b/obj/packetbuf.o
                0x0000000000208878                packetbuf_hdralloc
 .text.packetbuf_attr_clear
                0x00000000002088b8       0x34 build/openmote/openmote-b/obj/packetbuf.o
                0x00000000002088b8                packetbuf_attr_clear
 .text.packetbuf_clear
                0x00000000002088ec       0x20 build/openmote/openmote-b/obj/packetbuf.o
                0x00000000002088ec                packetbuf_clear
 .text.packetbuf_copyfrom
                0x000000000020890c       0x2c build/openmote/openmote-b/obj/packetbuf.o
                0x000000000020890c                packetbuf_copyfrom
 .text.packetbuf_attr_copyto
                0x0000000000208938       0x24 build/openmote/openmote-b/obj/packetbuf.o
                0x0000000000208938                packetbuf_attr_copyto
 .text.packetbuf_attr_copyfrom
                0x000000000020895c       0x24 build/openmote/openmote-b/obj/packetbuf.o
                0x000000000020895c                packetbuf_attr_copyfrom
 .text.packetbuf_set_attr
                0x0000000000208980       0x10 build/openmote/openmote-b/obj/packetbuf.o
                0x0000000000208980                packetbuf_set_attr
 .text.packetbuf_attr
                0x0000000000208990        0xc build/openmote/openmote-b/obj/packetbuf.o
                0x0000000000208990                packetbuf_attr
 .text.packetbuf_set_addr
                0x000000000020899c       0x18 build/openmote/openmote-b/obj/packetbuf.o
                0x000000000020899c                packetbuf_set_addr
 .text.packetbuf_addr
                0x00000000002089b4       0x10 build/openmote/openmote-b/obj/packetbuf.o
                0x00000000002089b4                packetbuf_addr
 .text.packetbuf_holds_broadcast
                0x00000000002089c4       0x10 build/openmote/openmote-b/obj/packetbuf.o
                0x00000000002089c4                packetbuf_holds_broadcast
 .text.netstack_process_ip_callback
                0x00000000002089d4       0x40 build/openmote/openmote-b/obj/netstack.o
                0x00000000002089d4                netstack_process_ip_callback
 .text.netstack_init
                0x0000000000208a14       0x24 build/openmote/openmote-b/obj/netstack.o
                0x0000000000208a14                netstack_init
 .text.periodic
                0x0000000000208a38       0x30 build/openmote/openmote-b/obj/link-stats.o
 .text.link_stats_from_lladdr
                0x0000000000208a68        0xc build/openmote/openmote-b/obj/link-stats.o
                0x0000000000208a68                link_stats_from_lladdr
 .text.link_stats_packet_sent
                0x0000000000208a74       0x80 build/openmote/openmote-b/obj/link-stats.o
                0x0000000000208a74                link_stats_packet_sent
 .text.link_stats_input_callback
                0x0000000000208af4       0x4c build/openmote/openmote-b/obj/link-stats.o
                0x0000000000208af4                link_stats_input_callback
 .text.link_stats_reset
                0x0000000000208b40       0x28 build/openmote/openmote-b/obj/link-stats.o
                0x0000000000208b40                link_stats_reset
 .text.link_stats_init
                0x0000000000208b68       0x28 build/openmote/openmote-b/obj/link-stats.o
                0x0000000000208b68                link_stats_init
 .text.mac_sequence_is_duplicate
                0x0000000000208b90       0x50 build/openmote/openmote-b/obj/mac-sequence.o
                0x0000000000208b90                mac_sequence_is_duplicate
 .text.mac_sequence_register_seqno
                0x0000000000208be0       0x60 build/openmote/openmote-b/obj/mac-sequence.o
                0x0000000000208be0                mac_sequence_register_seqno
 .text.frame802154e_parse_information_elements
                0x0000000000208c40      0x24c build/openmote/openmote-b/obj/frame802154e-ie.o
                0x0000000000208c40                frame802154e_parse_information_elements
 .text.create_frame
                0x0000000000208e8c       0xd0 build/openmote/openmote-b/obj/framer-802154.o
 .text.frame802154_get_pan_id
                0x0000000000208f5c        0xc build/openmote/openmote-b/obj/frame802154.o
                0x0000000000208f5c                frame802154_get_pan_id
 .text.frame802154_set_pan_id
                0x0000000000208f68        0xc build/openmote/openmote-b/obj/frame802154.o
                0x0000000000208f68                frame802154_set_pan_id
 .text.frame802154_check_dest_panid
                0x0000000000208f74       0x38 build/openmote/openmote-b/obj/frame802154.o
                0x0000000000208f74                frame802154_check_dest_panid
 .text.frame802154_extract_linkaddr
                0x0000000000208fac       0x68 build/openmote/openmote-b/obj/frame802154.o
                0x0000000000208fac                frame802154_extract_linkaddr
 .text.frame802154_parse
                0x0000000000209014      0x130 build/openmote/openmote-b/obj/frame802154.o
                0x0000000000209014                frame802154_parse
 .text._sbrk    0x0000000000209144       0x2c build/openmote/openmote-b/obj/syscalls.o
                0x0000000000209144                _sbrk
 .text.fill_space
                0x0000000000209170       0x34 build/openmote/openmote-b/obj/strformat.o
 .text.format_str_v
                0x00000000002091a4      0x770 build/openmote/openmote-b/obj/strformat.o
                0x00000000002091a4                format_str_v
 .text.printf   0x0000000000209914       0x20 build/openmote/openmote-b/obj/printf.o
                0x0000000000209914                printf
 .text.sprintf  0x0000000000209934       0x30 build/openmote/openmote-b/obj/sprintf.o
                0x0000000000209934                sprintf
 .text.vsnprintf
                0x0000000000209964       0x28 build/openmote/openmote-b/obj/snprintf.o
                0x0000000000209964                vsnprintf
 .text.tsch_queue_get_nbr
                0x000000000020998c       0x20 build/openmote/openmote-b/obj/tsch-queue.o
                0x000000000020998c                tsch_queue_get_nbr
 .text.tsch_queue_add_nbr
                0x00000000002099ac       0x74 build/openmote/openmote-b/obj/tsch-queue.o
                0x00000000002099ac                tsch_queue_add_nbr
 .text.tsch_queue_get_time_source
                0x0000000000209a20       0x2c build/openmote/openmote-b/obj/tsch-queue.o
                0x0000000000209a20                tsch_queue_get_time_source
 .text.tsch_queue_get_nbr_address
                0x0000000000209a4c        0xc build/openmote/openmote-b/obj/tsch-queue.o
                0x0000000000209a4c                tsch_queue_get_nbr_address
 .text.tsch_queue_update_time_source
                0x0000000000209a58       0x50 build/openmote/openmote-b/obj/tsch-queue.o
                0x0000000000209a58                tsch_queue_update_time_source
 .text.tsch_queue_add_packet
                0x0000000000209aa8       0x80 build/openmote/openmote-b/obj/tsch-queue.o
                0x0000000000209aa8                tsch_queue_add_packet
 .text.tsch_queue_free_packet
                0x0000000000209b28       0x20 build/openmote/openmote-b/obj/tsch-queue.o
                0x0000000000209b28                tsch_queue_free_packet
 .text.tsch_queue_reset
                0x0000000000209b48       0x34 build/openmote/openmote-b/obj/tsch-queue.o
                0x0000000000209b48                tsch_queue_reset
 .text.tsch_queue_free_unused_neighbors
                0x0000000000209b7c       0x50 build/openmote/openmote-b/obj/tsch-queue.o
                0x0000000000209b7c                tsch_queue_free_unused_neighbors
 .text.tsch_queue_get_unicast_packet_for_any
                0x0000000000209bcc       0x48 build/openmote/openmote-b/obj/tsch-queue.o
                0x0000000000209bcc                tsch_queue_get_unicast_packet_for_any
 .text.tsch_queue_update_all_backoff_windows
                0x0000000000209c14       0x5c build/openmote/openmote-b/obj/tsch-queue.o
                0x0000000000209c14                tsch_queue_update_all_backoff_windows
 .text.tsch_queue_init
                0x0000000000209c70       0x40 build/openmote/openmote-b/obj/tsch-queue.o
                0x0000000000209c70                tsch_queue_init
 .text.tsch_schedule_get_slotframe_by_handle
                0x0000000000209cb0       0x28 build/openmote/openmote-b/obj/tsch-schedule.o
                0x0000000000209cb0                tsch_schedule_get_slotframe_by_handle
 .text.tsch_schedule_add_slotframe
                0x0000000000209cd8       0x64 build/openmote/openmote-b/obj/tsch-schedule.o
                0x0000000000209cd8                tsch_schedule_add_slotframe
 .text.tsch_schedule_remove_link
                0x0000000000209d3c       0x78 build/openmote/openmote-b/obj/tsch-schedule.o
                0x0000000000209d3c                tsch_schedule_remove_link
 .text.tsch_schedule_remove_slotframe
                0x0000000000209db4       0x44 build/openmote/openmote-b/obj/tsch-schedule.o
                0x0000000000209db4                tsch_schedule_remove_slotframe
 .text.tsch_schedule_remove_all_slotframes
                0x0000000000209df8       0x20 build/openmote/openmote-b/obj/tsch-schedule.o
                0x0000000000209df8                tsch_schedule_remove_all_slotframes
 .text.tsch_schedule_add_link
                0x0000000000209e18       0xb8 build/openmote/openmote-b/obj/tsch-schedule.o
                0x0000000000209e18                tsch_schedule_add_link
 .text.tsch_schedule_get_next_active_link
                0x0000000000209ed0      0x188 build/openmote/openmote-b/obj/tsch-schedule.o
                0x0000000000209ed0                tsch_schedule_get_next_active_link
 .text.tsch_schedule_init
                0x000000000020a058       0x30 build/openmote/openmote-b/obj/tsch-schedule.o
                0x000000000020a058                tsch_schedule_init
 .text.tsch_schedule_create_minimal
                0x000000000020a088       0x2c build/openmote/openmote-b/obj/tsch-schedule.o
                0x000000000020a088                tsch_schedule_create_minimal
 .text.tsch_schedule_slotframe_head
                0x000000000020a0b4        0xc build/openmote/openmote-b/obj/tsch-schedule.o
                0x000000000020a0b4                tsch_schedule_slotframe_head
 .text.tsch_radio_off.part.0
                0x000000000020a0c0        0xc build/openmote/openmote-b/obj/tsch-slot-operation.o
 .text.tsch_schedule_slot_operation.isra.0
                0x000000000020a0cc       0x58 build/openmote/openmote-b/obj/tsch-slot-operation.o
 .text.tsch_tx_slot.isra.0.constprop.0
                0x000000000020a124      0x3d4 build/openmote/openmote-b/obj/tsch-slot-operation.o
 .text.get_packet_and_neighbor_for_link.constprop.0
                0x000000000020a4f8       0x6c build/openmote/openmote-b/obj/tsch-slot-operation.o
 .text.tsch_slot_operation
                0x000000000020a564      0x63c build/openmote/openmote-b/obj/tsch-slot-operation.o
 .text.tsch_is_locked
                0x000000000020aba0        0xc build/openmote/openmote-b/obj/tsch-slot-operation.o
                0x000000000020aba0                tsch_is_locked
 .text.tsch_get_lock
                0x000000000020abac       0x44 build/openmote/openmote-b/obj/tsch-slot-operation.o
                0x000000000020abac                tsch_get_lock
 .text.tsch_release_lock
                0x000000000020abf0        0xc build/openmote/openmote-b/obj/tsch-slot-operation.o
                0x000000000020abf0                tsch_release_lock
 .text.tsch_get_network_uptime_ticks
                0x000000000020abfc       0x68 build/openmote/openmote-b/obj/tsch-slot-operation.o
                0x000000000020abfc                tsch_get_network_uptime_ticks
 .text.tsch_slot_operation_start
                0x000000000020ac64       0x74 build/openmote/openmote-b/obj/tsch-slot-operation.o
                0x000000000020ac64                tsch_slot_operation_start
 .text.tsch_slot_operation_sync
                0x000000000020acd8       0x50 build/openmote/openmote-b/obj/tsch-slot-operation.o
                0x000000000020acd8                tsch_slot_operation_sync
 .text.tsch_rpl_callback_ka_sent
                0x000000000020ad28       0x20 build/openmote/openmote-b/obj/tsch-rpl.o
                0x000000000020ad28                tsch_rpl_callback_ka_sent
 .text.tsch_rpl_callback_leaving_network
                0x000000000020ad48       0x1c build/openmote/openmote-b/obj/tsch-rpl.o
                0x000000000020ad48                tsch_rpl_callback_leaving_network
 .text.tsch_rpl_callback_new_dio_interval
                0x000000000020ad64       0x44 build/openmote/openmote-b/obj/tsch-rpl.o
                0x000000000020ad64                tsch_rpl_callback_new_dio_interval
 .text.tsch_rpl_callback_parent_switch
                0x000000000020ada8       0x24 build/openmote/openmote-b/obj/tsch-rpl.o
                0x000000000020ada8                tsch_rpl_callback_parent_switch
 .text.tsch_rpl_check_dodag_joined
                0x000000000020adcc        0xc build/openmote/openmote-b/obj/tsch-rpl.o
                0x000000000020adcc                tsch_rpl_check_dodag_joined
 .text.compensate_internal
                0x000000000020add8       0x9c build/openmote/openmote-b/obj/tsch-adaptive-timesync.o
 .text.tsch_adaptive_timesync_get_drift_ppm
                0x000000000020ae74       0x14 build/openmote/openmote-b/obj/tsch-adaptive-timesync.o
                0x000000000020ae74                tsch_adaptive_timesync_get_drift_ppm
 .text.tsch_timesync_adaptive_compensate
                0x000000000020ae88       0x70 build/openmote/openmote-b/obj/tsch-adaptive-timesync.o
                0x000000000020ae88                tsch_timesync_adaptive_compensate
 .text.tsch_adaptive_timesync_reset
                0x000000000020aef8       0x2c build/openmote/openmote-b/obj/tsch-adaptive-timesync.o
                0x000000000020aef8                tsch_adaptive_timesync_reset
 .text.tsch_timesync_update
                0x000000000020af24       0xf8 build/openmote/openmote-b/obj/tsch-adaptive-timesync.o
                0x000000000020af24                tsch_timesync_update
 .text.tsch_packet_eackbuf_attr
                0x000000000020b01c        0xc build/openmote/openmote-b/obj/tsch-packet.o
                0x000000000020b01c                tsch_packet_eackbuf_attr
 .text.tsch_packet_create_eack
                0x000000000020b028       0xa0 build/openmote/openmote-b/obj/tsch-packet.o
                0x000000000020b028                tsch_packet_create_eack
 .text.tsch_packet_parse_eack
                0x000000000020b0c8       0xa8 build/openmote/openmote-b/obj/tsch-packet.o
                0x000000000020b0c8                tsch_packet_parse_eack
 .text.tsch_packet_create_eb
                0x000000000020b170      0x158 build/openmote/openmote-b/obj/tsch-packet.o
                0x000000000020b170                tsch_packet_create_eb
 .text.tsch_packet_update_eb
                0x000000000020b2c8       0x38 build/openmote/openmote-b/obj/tsch-packet.o
                0x000000000020b2c8                tsch_packet_update_eb
 .text.turn_off
                0x000000000020b300       0x10 build/openmote/openmote-b/obj/tsch.o
 .text.tsch_reset
                0x000000000020b310       0xb4 build/openmote/openmote-b/obj/tsch.o
 .text.process_thread_tsch_send_eb_process
                0x000000000020b3c4      0x120 build/openmote/openmote-b/obj/tsch.o
 .text.send_packet
                0x000000000020b4e4       0xbc build/openmote/openmote-b/obj/tsch.o
 .text.packet_input
                0x000000000020b5a0       0x40 build/openmote/openmote-b/obj/tsch.o
 .text.keepalive_send
                0x000000000020b5e0       0x40 build/openmote/openmote-b/obj/tsch.o
 .text.max_payload
                0x000000000020b620       0x4c build/openmote/openmote-b/obj/tsch.o
 .text.turn_on  0x000000000020b66c       0x48 build/openmote/openmote-b/obj/tsch.o
 .text.tsch_init
                0x000000000020b6b4       0xa4 build/openmote/openmote-b/obj/tsch.o
 .text.tsch_set_coordinator
                0x000000000020b758       0x30 build/openmote/openmote-b/obj/tsch.o
                0x000000000020b758                tsch_set_coordinator
 .text.tsch_set_pan_secured
                0x000000000020b788        0xc build/openmote/openmote-b/obj/tsch.o
                0x000000000020b788                tsch_set_pan_secured
 .text.tsch_set_join_priority
                0x000000000020b794        0xc build/openmote/openmote-b/obj/tsch.o
                0x000000000020b794                tsch_set_join_priority
 .text.tsch_set_eb_period
                0x000000000020b7a0       0x14 build/openmote/openmote-b/obj/tsch.o
                0x000000000020b7a0                tsch_set_eb_period
 .text.tsch_schedule_keepalive
                0x000000000020b7b4       0x20 build/openmote/openmote-b/obj/tsch.o
                0x000000000020b7b4                tsch_schedule_keepalive
 .text.tsch_set_ka_timeout
                0x000000000020b7d4       0x10 build/openmote/openmote-b/obj/tsch.o
                0x000000000020b7d4                tsch_set_ka_timeout
 .text.tsch_disassociate
                0x000000000020b7e4       0x28 build/openmote/openmote-b/obj/tsch.o
                0x000000000020b7e4                tsch_disassociate
 .text.process_thread_tsch_pending_events_process
                0x000000000020b80c      0x254 build/openmote/openmote-b/obj/tsch.o
 .text.keepalive_packet_sent
                0x000000000020ba60       0x90 build/openmote/openmote-b/obj/tsch.o
 .text.tsch_scan
                0x000000000020baf0      0x330 build/openmote/openmote-b/obj/tsch.o
                0x000000000020baf0                tsch_scan
 .text.process_thread_tsch_process
                0x000000000020be20       0xc4 build/openmote/openmote-b/obj/tsch.o
 .text.uipbuf_add_ext_hdr
                0x000000000020bee4       0x30 build/openmote/openmote-b/obj/uipbuf.o
                0x000000000020bee4                uipbuf_add_ext_hdr
 .text.uipbuf_set_len
                0x000000000020bf14       0x14 build/openmote/openmote-b/obj/uipbuf.o
                0x000000000020bf14                uipbuf_set_len
 .text.uipbuf_get_attr
                0x000000000020bf28       0x14 build/openmote/openmote-b/obj/uipbuf.o
                0x000000000020bf28                uipbuf_get_attr
 .text.uipbuf_set_attr
                0x000000000020bf3c       0x14 build/openmote/openmote-b/obj/uipbuf.o
                0x000000000020bf3c                uipbuf_set_attr
 .text.uipbuf_clear_attr
                0x000000000020bf50       0x14 build/openmote/openmote-b/obj/uipbuf.o
                0x000000000020bf50                uipbuf_clear_attr
 .text.uipbuf_clear
                0x000000000020bf64       0x20 build/openmote/openmote-b/obj/uipbuf.o
                0x000000000020bf64                uipbuf_clear
 .text.uipbuf_init
                0x000000000020bf84       0x20 build/openmote/openmote-b/obj/uipbuf.o
                0x000000000020bf84                uipbuf_init
 .text.echo_reply_input
                0x000000000020bfa4       0x6c build/openmote/openmote-b/obj/uip-icmp6.o
 .text.echo_request_input
                0x000000000020c010       0x9c build/openmote/openmote-b/obj/uip-icmp6.o
 .text.uip_icmp6_input
                0x000000000020c0ac       0x38 build/openmote/openmote-b/obj/uip-icmp6.o
                0x000000000020c0ac                uip_icmp6_input
 .text.uip_icmp6_register_input_handler
                0x000000000020c0e4        0xc build/openmote/openmote-b/obj/uip-icmp6.o
                0x000000000020c0e4                uip_icmp6_register_input_handler
 .text.uip_icmp6_error_output
                0x000000000020c0f0      0x13c build/openmote/openmote-b/obj/uip-icmp6.o
                0x000000000020c0f0                uip_icmp6_error_output
 .text.uip_icmp6_send
                0x000000000020c22c       0x80 build/openmote/openmote-b/obj/uip-icmp6.o
                0x000000000020c22c                uip_icmp6_send
 .text.uip_icmp6_echo_reply_callback_add
                0x000000000020c2ac       0x18 build/openmote/openmote-b/obj/uip-icmp6.o
                0x000000000020c2ac                uip_icmp6_echo_reply_callback_add
 .text.uip_icmp6_init
                0x000000000020c2c4       0x1c build/openmote/openmote-b/obj/uip-icmp6.o
                0x000000000020c2c4                uip_icmp6_init
 .text.node_matches_address.part.0
                0x000000000020c2e0       0x28 build/openmote/openmote-b/obj/uip-sr.o
 .text.uip_sr_num_nodes
                0x000000000020c308        0xc build/openmote/openmote-b/obj/uip-sr.o
                0x000000000020c308                uip_sr_num_nodes
 .text.uip_sr_get_node
                0x000000000020c314       0x38 build/openmote/openmote-b/obj/uip-sr.o
                0x000000000020c314                uip_sr_get_node
 .text.uip_sr_is_addr_reachable
                0x000000000020c34c       0x44 build/openmote/openmote-b/obj/uip-sr.o
                0x000000000020c34c                uip_sr_is_addr_reachable
 .text.uip_sr_update_node
                0x000000000020c390       0xa4 build/openmote/openmote-b/obj/uip-sr.o
                0x000000000020c390                uip_sr_update_node
 .text.uip_sr_init
                0x000000000020c434       0x24 build/openmote/openmote-b/obj/uip-sr.o
                0x000000000020c434                uip_sr_init
 .text.uip_sr_node_head
                0x000000000020c458        0xc build/openmote/openmote-b/obj/uip-sr.o
                0x000000000020c458                uip_sr_node_head
 .text.uip_sr_periodic
                0x000000000020c464       0x78 build/openmote/openmote-b/obj/uip-sr.o
                0x000000000020c464                uip_sr_periodic
 .text.uip_sr_free_all
                0x000000000020c4dc       0x48 build/openmote/openmote-b/obj/uip-sr.o
                0x000000000020c4dc                uip_sr_free_all
 .text.uip_sr_link_snprint
                0x000000000020c524       0x8c build/openmote/openmote-b/obj/uip-sr.o
                0x000000000020c524                uip_sr_link_snprint
 .text.uip_ds6_default_prefix
                0x000000000020c5b0        0x8 build/openmote/openmote-b/obj/uip-ds6.o
                0x000000000020c5b0                uip_ds6_default_prefix
 .text.uip_ds6_prefix_add
                0x000000000020c5b8       0x60 build/openmote/openmote-b/obj/uip-ds6.o
                0x000000000020c5b8                uip_ds6_prefix_add
 .text.uip_ds6_is_addr_onlink
                0x000000000020c618       0x40 build/openmote/openmote-b/obj/uip-ds6.o
                0x000000000020c618                uip_ds6_is_addr_onlink
 .text.uip_ds6_addr_lookup
                0x000000000020c658       0x2c build/openmote/openmote-b/obj/uip-ds6.o
                0x000000000020c658                uip_ds6_addr_lookup
 .text.uip_ds6_get_link_local
                0x000000000020c684       0x3c build/openmote/openmote-b/obj/uip-ds6.o
                0x000000000020c684                uip_ds6_get_link_local
 .text.uip_ds6_maddr_add
                0x000000000020c6c0       0x4c build/openmote/openmote-b/obj/uip-ds6.o
                0x000000000020c6c0                uip_ds6_maddr_add
 .text.uip_ds6_addr_add
                0x000000000020c70c       0x98 build/openmote/openmote-b/obj/uip-ds6.o
                0x000000000020c70c                uip_ds6_addr_add
 .text.uip_ds6_maddr_lookup
                0x000000000020c7a4       0x2c build/openmote/openmote-b/obj/uip-ds6.o
                0x000000000020c7a4                uip_ds6_maddr_lookup
 .text.uip_ds6_addr_rm
                0x000000000020c7d0       0x44 build/openmote/openmote-b/obj/uip-ds6.o
                0x000000000020c7d0                uip_ds6_addr_rm
 .text.uip_ds6_periodic
                0x000000000020c814       0x48 build/openmote/openmote-b/obj/uip-ds6.o
                0x000000000020c814                uip_ds6_periodic
 .text.uip_ds6_select_src
                0x000000000020c85c       0x90 build/openmote/openmote-b/obj/uip-ds6.o
                0x000000000020c85c                uip_ds6_select_src
 .text.uip_ds6_compute_reachable_time
                0x000000000020c8ec       0x2c build/openmote/openmote-b/obj/uip-ds6.o
                0x000000000020c8ec                uip_ds6_compute_reachable_time
 .text.uip_ds6_init
                0x000000000020c918      0x11c build/openmote/openmote-b/obj/uip-ds6.o
                0x000000000020c918                uip_ds6_init
 .text.newdata  0x000000000020ca34       0x4c build/openmote/openmote-b/obj/tcp-socket.o
 .text.senddata
                0x000000000020ca80       0x28 build/openmote/openmote-b/obj/tcp-socket.o
 .text.process_thread_tcp_socket_process
                0x000000000020caa8      0x1c0 build/openmote/openmote-b/obj/tcp-socket.o
 .text.tcp_socket_register
                0x000000000020cc68       0x70 build/openmote/openmote-b/obj/tcp-socket.o
                0x000000000020cc68                tcp_socket_register
 .text.tcp_socket_connect
                0x000000000020ccd8       0x50 build/openmote/openmote-b/obj/tcp-socket.o
                0x000000000020ccd8                tcp_socket_connect
 .text.tcp_socket_unlisten
                0x000000000020cd28       0x3c build/openmote/openmote-b/obj/tcp-socket.o
                0x000000000020cd28                tcp_socket_unlisten
 .text.tcp_socket_unregister
                0x000000000020cd64       0x2c build/openmote/openmote-b/obj/tcp-socket.o
                0x000000000020cd64                tcp_socket_unregister
 .text.start_periodic_tcp_timer
                0x000000000020cd90       0x1c build/openmote/openmote-b/obj/tcpip.o
 .text.tcpip_output
                0x000000000020cdac       0x2c build/openmote/openmote-b/obj/tcpip.o
                0x000000000020cdac                tcpip_output
 .text.tcp_unlisten
                0x000000000020cdd8       0x38 build/openmote/openmote-b/obj/tcpip.o
                0x000000000020cdd8                tcp_unlisten
 .text.tcp_attach
                0x000000000020ce10       0x10 build/openmote/openmote-b/obj/tcpip.o
                0x000000000020ce10                tcp_attach
 .text.udp_new  0x000000000020ce20       0x18 build/openmote/openmote-b/obj/tcpip.o
                0x000000000020ce20                udp_new
 .text.tcpip_input
                0x000000000020ce38       0x24 build/openmote/openmote-b/obj/tcpip.o
                0x000000000020ce38                tcpip_input
 .text.tcpip_ipv6_output
                0x000000000020ce5c       0xf0 build/openmote/openmote-b/obj/tcpip.o
                0x000000000020ce5c                tcpip_ipv6_output
 .text.packet_input.part.0
                0x000000000020cf4c       0x40 build/openmote/openmote-b/obj/tcpip.o
 .text.process_thread_tcpip_process
                0x000000000020cf8c      0x17c build/openmote/openmote-b/obj/tcpip.o
 .text.tcpip_poll_tcp
                0x000000000020d108       0x10 build/openmote/openmote-b/obj/tcpip.o
                0x000000000020d108                tcpip_poll_tcp
 .text.tcp_connect
                0x000000000020d118       0x20 build/openmote/openmote-b/obj/tcpip.o
                0x000000000020d118                tcp_connect
 .text.tcpip_uipcall
                0x000000000020d138       0x6c build/openmote/openmote-b/obj/tcpip.o
                0x000000000020d138                tcpip_uipcall
 .text.uip_udp_packet_send
                0x000000000020d1a4       0x34 build/openmote/openmote-b/obj/uip-udp-packet.o
                0x000000000020d1a4                uip_udp_packet_send
 .text.uip_ds6_route_init
                0x000000000020d1d8       0x1c build/openmote/openmote-b/obj/uip-ds6-route.o
                0x000000000020d1d8                uip_ds6_route_init
 .text.uip_ds6_defrt_rm
                0x000000000020d1f4       0x38 build/openmote/openmote-b/obj/uip-ds6-route.o
                0x000000000020d1f4                uip_ds6_defrt_rm
 .text.uip_ds6_defrt_lookup
                0x000000000020d22c       0x34 build/openmote/openmote-b/obj/uip-ds6-route.o
                0x000000000020d22c                uip_ds6_defrt_lookup
 .text.uip_ds6_defrt_add
                0x000000000020d260       0x60 build/openmote/openmote-b/obj/uip-ds6-route.o
                0x000000000020d260                uip_ds6_defrt_add
 .text.uip_ds6_defrt_choose
                0x000000000020d2c0       0x30 build/openmote/openmote-b/obj/uip-ds6-route.o
                0x000000000020d2c0                uip_ds6_defrt_choose
 .text.uip_ds6_defrt_periodic
                0x000000000020d2f0       0x3c build/openmote/openmote-b/obj/uip-ds6-route.o
                0x000000000020d2f0                uip_ds6_defrt_periodic
 .text.uip_ds6_nbr_rm
                0x000000000020d32c       0x24 build/openmote/openmote-b/obj/uip-ds6-nbr.o
                0x000000000020d32c                uip_ds6_nbr_rm
 .text.uip_ds6_neighbors_init
                0x000000000020d350       0x1c build/openmote/openmote-b/obj/uip-ds6-nbr.o
                0x000000000020d350                uip_ds6_neighbors_init
 .text.uip_ds6_nbr_add
                0x000000000020d36c       0x40 build/openmote/openmote-b/obj/uip-ds6-nbr.o
                0x000000000020d36c                uip_ds6_nbr_add
 .text.uip_ds6_nbr_get_ll
                0x000000000020d3ac        0xc build/openmote/openmote-b/obj/uip-ds6-nbr.o
                0x000000000020d3ac                uip_ds6_nbr_get_ll
 .text.uip_ds6_nbr_head
                0x000000000020d3b8        0xc build/openmote/openmote-b/obj/uip-ds6-nbr.o
                0x000000000020d3b8                uip_ds6_nbr_head
 .text.uip_ds6_nbr_next
                0x000000000020d3c4        0xc build/openmote/openmote-b/obj/uip-ds6-nbr.o
                0x000000000020d3c4                uip_ds6_nbr_next
 .text.uip_ds6_nbr_ll_lookup
                0x000000000020d3d0        0xc build/openmote/openmote-b/obj/uip-ds6-nbr.o
                0x000000000020d3d0                uip_ds6_nbr_ll_lookup
 .text.upper_layer_chksum
                0x000000000020d3dc       0x54 build/openmote/openmote-b/obj/uip6.o
 .text.ext_hdr_options_process
                0x000000000020d430       0x78 build/openmote/openmote-b/obj/uip6.o
 .text.uip_update_ttl
                0x000000000020d4a8       0x24 build/openmote/openmote-b/obj/uip6.o
 .text.uip_add32
                0x000000000020d4cc       0x54 build/openmote/openmote-b/obj/uip6.o
                0x000000000020d4cc                uip_add32
 .text.uip_add_rcv_nxt
                0x000000000020d520       0x2c build/openmote/openmote-b/obj/uip6.o
 .text.uip_init
                0x000000000020d54c       0x80 build/openmote/openmote-b/obj/uip6.o
                0x000000000020d54c                uip_init
 .text.uip_connect
                0x000000000020d5cc       0xcc build/openmote/openmote-b/obj/uip6.o
                0x000000000020d5cc                uip_connect
 .text.uip_remove_ext_hdr
                0x000000000020d698       0x6c build/openmote/openmote-b/obj/uip6.o
                0x000000000020d698                uip_remove_ext_hdr
 .text.uip_udp_new
                0x000000000020d704       0x94 build/openmote/openmote-b/obj/uip6.o
                0x000000000020d704                uip_udp_new
 .text.uip_unlisten
                0x000000000020d798       0x24 build/openmote/openmote-b/obj/uip6.o
                0x000000000020d798                uip_unlisten
 .text.uip_process
                0x000000000020d7bc      0xd48 build/openmote/openmote-b/obj/uip6.o
                0x000000000020d7bc                uip_process
 .text.uip_htonl
                0x000000000020e504       0x1c build/openmote/openmote-b/obj/uip6.o
                0x000000000020e504                uip_htonl
 .text.uip_send
                0x000000000020e520       0x60 build/openmote/openmote-b/obj/uip6.o
                0x000000000020e520                uip_send
 .text.ns_input
                0x000000000020e580      0x27c build/openmote/openmote-b/obj/uip-nd6.o
 .text.uip_nd6_init
                0x000000000020e7fc        0xc build/openmote/openmote-b/obj/uip-nd6.o
                0x000000000020e7fc                uip_nd6_init
 .text.process_thread_simple_udp_process
                0x000000000020e808       0xb8 build/openmote/openmote-b/obj/simple-udp.o
 .text.simple_udp_register
                0x000000000020e8c0       0x88 build/openmote/openmote-b/obj/simple-udp.o
                0x000000000020e8c0                simple_udp_register
 .text.clear_fragments
                0x000000000020e948       0x38 build/openmote/openmote-b/obj/sicslowpan.o
 .text.sicslowpan_init
                0x000000000020e980       0x18 build/openmote/openmote-b/obj/sicslowpan.o
                0x000000000020e980                sicslowpan_init
 .text.set_packet_attrs
                0x000000000020e998       0x58 build/openmote/openmote-b/obj/sicslowpan.o
 .text.compress_addr_64
                0x000000000020e9f0       0x90 build/openmote/openmote-b/obj/sicslowpan.o
 .text.addr_context_lookup_by_prefix
                0x000000000020ea80       0x24 build/openmote/openmote-b/obj/sicslowpan.o
 .text.send_packet
                0x000000000020eaa4       0x24 build/openmote/openmote-b/obj/sicslowpan.o
 .text.fragment_copy_payload_and_send
                0x000000000020eac8       0x68 build/openmote/openmote-b/obj/sicslowpan.o
 .text.output   0x000000000020eb30      0x744 build/openmote/openmote-b/obj/sicslowpan.o
 .text.packet_sent
                0x000000000020f274       0x5c build/openmote/openmote-b/obj/sicslowpan.o
 .text.store_fragment
                0x000000000020f2d0       0x5c build/openmote/openmote-b/obj/sicslowpan.o
 .text.uncompress_addr
                0x000000000020f32c       0x70 build/openmote/openmote-b/obj/sicslowpan.o
 .text.add_fragment
                0x000000000020f39c      0x14c build/openmote/openmote-b/obj/sicslowpan.o
 .text.input    0x000000000020f4e8      0x82c build/openmote/openmote-b/obj/sicslowpan.o
 .text.uiplib_ipaddr_snprint
                0x000000000020fd14       0xfc build/openmote/openmote-b/obj/uiplib.o
                0x000000000020fd14                uiplib_ipaddr_snprint
 .text.dao_ack_input
                0x000000000020fe10       0x38 build/openmote/openmote-b/obj/rpl-icmp6.o
 .text.dao_input
                0x000000000020fe48       0xfc build/openmote/openmote-b/obj/rpl-icmp6.o
 .text.dio_input
                0x000000000020ff44      0x210 build/openmote/openmote-b/obj/rpl-icmp6.o
 .text.dis_input
                0x0000000000210154       0x2c build/openmote/openmote-b/obj/rpl-icmp6.o
 .text.rpl_icmp6_dis_output
                0x0000000000210180       0x38 build/openmote/openmote-b/obj/rpl-icmp6.o
                0x0000000000210180                rpl_icmp6_dis_output
 .text.rpl_icmp6_dio_output
                0x00000000002101b8      0x1c8 build/openmote/openmote-b/obj/rpl-icmp6.o
                0x00000000002101b8                rpl_icmp6_dio_output
 .text.rpl_icmp6_dao_output
                0x0000000000210380       0xc4 build/openmote/openmote-b/obj/rpl-icmp6.o
                0x0000000000210380                rpl_icmp6_dao_output
 .text.rpl_icmp6_dao_ack_output
                0x0000000000210444       0x40 build/openmote/openmote-b/obj/rpl-icmp6.o
                0x0000000000210444                rpl_icmp6_dao_ack_output
 .text.rpl_icmp6_init
                0x0000000000210484       0x30 build/openmote/openmote-b/obj/rpl-icmp6.o
                0x0000000000210484                rpl_icmp6_init
 .text.remove_neighbor
                0x00000000002104b4       0x3c build/openmote/openmote-b/obj/rpl-neighbor.o
 .text.rpl_neighbor_count
                0x00000000002104f0       0x2c build/openmote/openmote-b/obj/rpl-neighbor.o
                0x00000000002104f0                rpl_neighbor_count
 .text.rpl_neighbor_get_from_lladdr
                0x000000000021051c       0x10 build/openmote/openmote-b/obj/rpl-neighbor.o
                0x000000000021051c                rpl_neighbor_get_from_lladdr
 .text.rpl_neighbor_is_acceptable_parent
                0x000000000021052c       0x18 build/openmote/openmote-b/obj/rpl-neighbor.o
                0x000000000021052c                rpl_neighbor_is_acceptable_parent
 .text.rpl_neighbor_get_link_metric
                0x0000000000210544       0x18 build/openmote/openmote-b/obj/rpl-neighbor.o
                0x0000000000210544                rpl_neighbor_get_link_metric
 .text.rpl_neighbor_rank_via_nbr
                0x000000000021055c       0x18 build/openmote/openmote-b/obj/rpl-neighbor.o
                0x000000000021055c                rpl_neighbor_rank_via_nbr
 .text.rpl_neighbor_get_lladdr
                0x0000000000210574       0x10 build/openmote/openmote-b/obj/rpl-neighbor.o
                0x0000000000210574                rpl_neighbor_get_lladdr
 .text.best_parent
                0x0000000000210584       0x84 build/openmote/openmote-b/obj/rpl-neighbor.o
 .text.rpl_neighbor_snprint
                0x0000000000210608      0x180 build/openmote/openmote-b/obj/rpl-neighbor.o
                0x0000000000210608                rpl_neighbor_snprint
 .text.rpl_neighbor_set_preferred_parent
                0x0000000000210788       0x50 build/openmote/openmote-b/obj/rpl-neighbor.o
                0x0000000000210788                rpl_neighbor_set_preferred_parent
 .text.rpl_neighbor_remove_all
                0x00000000002107d8       0x30 build/openmote/openmote-b/obj/rpl-neighbor.o
                0x00000000002107d8                rpl_neighbor_remove_all
 .text.rpl_neighbor_get_from_ipaddr
                0x0000000000210808       0x1c build/openmote/openmote-b/obj/rpl-neighbor.o
                0x0000000000210808                rpl_neighbor_get_from_ipaddr
 .text.rpl_neighbor_select_best
                0x0000000000210824       0x54 build/openmote/openmote-b/obj/rpl-neighbor.o
                0x0000000000210824                rpl_neighbor_select_best
 .text.rpl_neighbor_init
                0x0000000000210878       0x14 build/openmote/openmote-b/obj/rpl-neighbor.o
                0x0000000000210878                rpl_neighbor_init
 .text.init_dag
                0x000000000021088c       0x74 build/openmote/openmote-b/obj/rpl-dag.o
 .text.process_dio_init_dag
                0x0000000000210900       0x88 build/openmote/openmote-b/obj/rpl-dag.o
 .text.rpl_dag_get_root_ipaddr
                0x0000000000210988       0x30 build/openmote/openmote-b/obj/rpl-dag.o
                0x0000000000210988                rpl_dag_get_root_ipaddr
 .text.rpl_dag_leave
                0x00000000002109b8       0x50 build/openmote/openmote-b/obj/rpl-dag.o
                0x00000000002109b8                rpl_dag_leave
 .text.rpl_dag_poison_and_leave
                0x0000000000210a08       0x10 build/openmote/openmote-b/obj/rpl-dag.o
                0x0000000000210a08                rpl_dag_poison_and_leave
 .text.rpl_dag_periodic
                0x0000000000210a18       0x44 build/openmote/openmote-b/obj/rpl-dag.o
                0x0000000000210a18                rpl_dag_periodic
 .text.rpl_is_addr_in_our_dag
                0x0000000000210a5c       0x24 build/openmote/openmote-b/obj/rpl-dag.o
                0x0000000000210a5c                rpl_is_addr_in_our_dag
 .text.rpl_refresh_routes
                0x0000000000210a80       0x20 build/openmote/openmote-b/obj/rpl-dag.o
                0x0000000000210a80                rpl_refresh_routes
 .text.rpl_local_repair
                0x0000000000210aa0       0x34 build/openmote/openmote-b/obj/rpl-dag.o
                0x0000000000210aa0                rpl_local_repair
 .text.rpl_global_repair
                0x0000000000210ad4       0x38 build/openmote/openmote-b/obj/rpl-dag.o
                0x0000000000210ad4                rpl_global_repair
 .text.rpl_dag_ready_to_advertise
                0x0000000000210b0c       0x24 build/openmote/openmote-b/obj/rpl-dag.o
                0x0000000000210b0c                rpl_dag_ready_to_advertise
 .text.rpl_dag_update_state
                0x0000000000210b30      0x12c build/openmote/openmote-b/obj/rpl-dag.o
                0x0000000000210b30                rpl_dag_update_state
 .text.rpl_process_dio
                0x0000000000210c5c      0x170 build/openmote/openmote-b/obj/rpl-dag.o
                0x0000000000210c5c                rpl_process_dio
 .text.rpl_process_dis
                0x0000000000210dcc       0x2c build/openmote/openmote-b/obj/rpl-dag.o
                0x0000000000210dcc                rpl_process_dis
 .text.rpl_process_dao
                0x0000000000210df8       0x4c build/openmote/openmote-b/obj/rpl-dag.o
                0x0000000000210df8                rpl_process_dao
 .text.rpl_process_dao_ack
                0x0000000000210e44       0x50 build/openmote/openmote-b/obj/rpl-dag.o
                0x0000000000210e44                rpl_process_dao_ack
 .text.rpl_dag_init_root
                0x0000000000210e94       0xa0 build/openmote/openmote-b/obj/rpl-dag.o
                0x0000000000210e94                rpl_dag_init_root
 .text.rpl_dag_init
                0x0000000000210f34       0x10 build/openmote/openmote-b/obj/rpl-dag.o
                0x0000000000210f34                rpl_dag_init
 .text.schedule_dao_retransmission
                0x0000000000210f44       0x30 build/openmote/openmote-b/obj/rpl-timers.o
 .text.new_dio_interval
                0x0000000000210f74       0x68 build/openmote/openmote-b/obj/rpl-timers.o
 .text.handle_unicast_dio_timer
                0x0000000000210fdc       0x1c build/openmote/openmote-b/obj/rpl-timers.o
 .text.send_new_dao
                0x0000000000210ff8       0x34 build/openmote/openmote-b/obj/rpl-timers.o
 .text.resend_dao
                0x000000000021102c       0x38 build/openmote/openmote-b/obj/rpl-timers.o
 .text.handle_dao_ack_timer
                0x0000000000211064       0x14 build/openmote/openmote-b/obj/rpl-timers.o
 .text.handle_leaving_timer
                0x0000000000211078       0x10 build/openmote/openmote-b/obj/rpl-timers.o
 .text.handle_dio_timer
                0x0000000000211088       0x70 build/openmote/openmote-b/obj/rpl-timers.o
 .text.rpl_timers_schedule_periodic_dis
                0x00000000002110f8       0x38 build/openmote/openmote-b/obj/rpl-timers.o
                0x00000000002110f8                rpl_timers_schedule_periodic_dis
 .text.handle_dis_timer
                0x0000000000211130       0x34 build/openmote/openmote-b/obj/rpl-timers.o
 .text.handle_periodic_timer
                0x0000000000211164       0x48 build/openmote/openmote-b/obj/rpl-timers.o
 .text.rpl_timers_dio_reset
                0x00000000002111ac       0x34 build/openmote/openmote-b/obj/rpl-timers.o
                0x00000000002111ac                rpl_timers_dio_reset
 .text.rpl_timers_schedule_unicast_dio
                0x00000000002111e0       0x28 build/openmote/openmote-b/obj/rpl-timers.o
                0x00000000002111e0                rpl_timers_schedule_unicast_dio
 .text.rpl_timers_schedule_dao
                0x0000000000211208       0x34 build/openmote/openmote-b/obj/rpl-timers.o
                0x0000000000211208                rpl_timers_schedule_dao
 .text.rpl_timers_schedule_dao_ack
                0x000000000021123c       0x48 build/openmote/openmote-b/obj/rpl-timers.o
                0x000000000021123c                rpl_timers_schedule_dao_ack
 .text.rpl_timers_notify_dao_ack
                0x0000000000211284       0x50 build/openmote/openmote-b/obj/rpl-timers.o
                0x0000000000211284                rpl_timers_notify_dao_ack
 .text.get_probing_target
                0x00000000002112d4       0xb0 build/openmote/openmote-b/obj/rpl-timers.o
                0x00000000002112d4                get_probing_target
 .text.rpl_schedule_probing
                0x0000000000211384       0x28 build/openmote/openmote-b/obj/rpl-timers.o
                0x0000000000211384                rpl_schedule_probing
 .text.rpl_schedule_probing_now
                0x00000000002113ac       0x2c build/openmote/openmote-b/obj/rpl-timers.o
                0x00000000002113ac                rpl_schedule_probing_now
 .text.rpl_timers_unschedule_leaving
                0x00000000002113d8       0x24 build/openmote/openmote-b/obj/rpl-timers.o
                0x00000000002113d8                rpl_timers_unschedule_leaving
 .text.rpl_timers_schedule_leaving
                0x00000000002113fc       0x30 build/openmote/openmote-b/obj/rpl-timers.o
                0x00000000002113fc                rpl_timers_schedule_leaving
 .text.rpl_timers_init
                0x000000000021142c       0x20 build/openmote/openmote-b/obj/rpl-timers.o
                0x000000000021142c                rpl_timers_init
 .text.rpl_timers_stop_dag_timers
                0x000000000021144c       0x44 build/openmote/openmote-b/obj/rpl-timers.o
                0x000000000021144c                rpl_timers_stop_dag_timers
 .text.rpl_timers_unschedule_state_update
                0x0000000000211490       0x14 build/openmote/openmote-b/obj/rpl-timers.o
                0x0000000000211490                rpl_timers_unschedule_state_update
 .text.rpl_timers_schedule_state_update
                0x00000000002114a4       0x1c build/openmote/openmote-b/obj/rpl-timers.o
                0x00000000002114a4                rpl_timers_schedule_state_update
 .text.update_hbh_header
                0x00000000002114c0       0x54 build/openmote/openmote-b/obj/rpl-ext-header.o
 .text.rpl_ext_header_srh_get_next_hop
                0x0000000000211514       0x84 build/openmote/openmote-b/obj/rpl-ext-header.o
                0x0000000000211514                rpl_ext_header_srh_get_next_hop
 .text.rpl_ext_header_srh_update
                0x0000000000211598       0xb4 build/openmote/openmote-b/obj/rpl-ext-header.o
                0x0000000000211598                rpl_ext_header_srh_update
 .text.rpl_ext_header_hbh_update
                0x000000000021164c       0x84 build/openmote/openmote-b/obj/rpl-ext-header.o
                0x000000000021164c                rpl_ext_header_hbh_update
 .text.rpl_ext_header_remove
                0x00000000002116d0       0xb0 build/openmote/openmote-b/obj/rpl-ext-header.o
                0x00000000002116d0                rpl_ext_header_remove
 .text.rpl_ext_header_update
                0x0000000000211780      0x23c build/openmote/openmote-b/obj/rpl-ext-header.o
                0x0000000000211780                rpl_ext_header_update
 .text.rpl_has_joined
                0x00000000002119bc       0x18 build/openmote/openmote-b/obj/rpl.o
                0x00000000002119bc                rpl_has_joined
 .text.rpl_is_reachable
                0x00000000002119d4       0x18 build/openmote/openmote-b/obj/rpl.o
                0x00000000002119d4                rpl_is_reachable
 .text.rpl_get_leaf_only
                0x00000000002119ec        0xc build/openmote/openmote-b/obj/rpl.o
                0x00000000002119ec                rpl_get_leaf_only
 .text.set_ip_from_prefix
                0x00000000002119f8       0x2c build/openmote/openmote-b/obj/rpl.o
 .text.init     0x0000000000211a24       0x40 build/openmote/openmote-b/obj/rpl.o
 .text.rpl_link_callback
                0x0000000000211a64       0x2c build/openmote/openmote-b/obj/rpl.o
                0x0000000000211a64                rpl_link_callback
 .text.get_sr_node_ipaddr
                0x0000000000211a90       0x2c build/openmote/openmote-b/obj/rpl.o
 .text.rpl_get_global_address
                0x0000000000211abc       0x68 build/openmote/openmote-b/obj/rpl.o